Archive member included to satisfy reference by file (symbol)

/usr/lib/gcc/arm-none-eabi/10.3.1/../../../arm-none-eabi/lib/thumb/v7e-m/nofp/libc.a(lib_a-atexit.o)
                              /usr/lib/gcc/arm-none-eabi/10.3.1/../../../arm-none-eabi/lib/thumb/v7e-m/nofp/crt0.o (atexit)
/usr/lib/gcc/arm-none-eabi/10.3.1/../../../arm-none-eabi/lib/thumb/v7e-m/nofp/libc.a(lib_a-calloc.o)
                              build/objs-racer/usb_serial.o (calloc)
/usr/lib/gcc/arm-none-eabi/10.3.1/../../../arm-none-eabi/lib/thumb/v7e-m/nofp/libc.a(lib_a-callocr.o)
                              /usr/lib/gcc/arm-none-eabi/10.3.1/../../../arm-none-eabi/lib/thumb/v7e-m/nofp/libc.a(lib_a-calloc.o) (_calloc_r)
/usr/lib/gcc/arm-none-eabi/10.3.1/../../../arm-none-eabi/lib/thumb/v7e-m/nofp/libc.a(lib_a-errno.o)
                              build/objs-racer/tty.o (__errno)
/usr/lib/gcc/arm-none-eabi/10.3.1/../../../arm-none-eabi/lib/thumb/v7e-m/nofp/libc.a(lib_a-exit.o)
                              /usr/lib/gcc/arm-none-eabi/10.3.1/../../../arm-none-eabi/lib/thumb/v7e-m/nofp/crt0.o (exit)
/usr/lib/gcc/arm-none-eabi/10.3.1/../../../arm-none-eabi/lib/thumb/v7e-m/nofp/libc.a(lib_a-fini.o)
                              /usr/lib/gcc/arm-none-eabi/10.3.1/../../../arm-none-eabi/lib/thumb/v7e-m/nofp/crt0.o (__libc_fini_array)
/usr/lib/gcc/arm-none-eabi/10.3.1/../../../arm-none-eabi/lib/thumb/v7e-m/nofp/libc.a(lib_a-freopen.o)
                              build/objs-racer/usb_serial.o (freopen)
/usr/lib/gcc/arm-none-eabi/10.3.1/../../../arm-none-eabi/lib/thumb/v7e-m/nofp/libc.a(lib_a-impure.o)
                              /usr/lib/gcc/arm-none-eabi/10.3.1/../../../arm-none-eabi/lib/thumb/v7e-m/nofp/libc.a(lib_a-exit.o) (_global_impure_ptr)
/usr/lib/gcc/arm-none-eabi/10.3.1/../../../arm-none-eabi/lib/thumb/v7e-m/nofp/libc.a(lib_a-init.o)
                              /usr/lib/gcc/arm-none-eabi/10.3.1/../../../arm-none-eabi/lib/thumb/v7e-m/nofp/crt0.o (__libc_init_array)
/usr/lib/gcc/arm-none-eabi/10.3.1/../../../arm-none-eabi/lib/thumb/v7e-m/nofp/libc.a(lib_a-malloc.o)
                              build/objs-racer/ledbuffer.o (malloc)
/usr/lib/gcc/arm-none-eabi/10.3.1/../../../arm-none-eabi/lib/thumb/v7e-m/nofp/libc.a(lib_a-mallocr.o)
                              /usr/lib/gcc/arm-none-eabi/10.3.1/../../../arm-none-eabi/lib/thumb/v7e-m/nofp/libc.a(lib_a-callocr.o) (_malloc_r)
/usr/lib/gcc/arm-none-eabi/10.3.1/../../../arm-none-eabi/lib/thumb/v7e-m/nofp/libc.a(lib_a-memcmp.o)
                              build/objs-racer/nrf24.o (memcmp)
/usr/lib/gcc/arm-none-eabi/10.3.1/../../../arm-none-eabi/lib/thumb/v7e-m/nofp/libc.a(lib_a-memcpy.o)
                              build/objs-racer/ring.o (memcpy)
/usr/lib/gcc/arm-none-eabi/10.3.1/../../../arm-none-eabi/lib/thumb/v7e-m/nofp/libc.a(lib_a-memset.o)
                              /usr/lib/gcc/arm-none-eabi/10.3.1/../../../arm-none-eabi/lib/thumb/v7e-m/nofp/crt0.o (memset)
/usr/lib/gcc/arm-none-eabi/10.3.1/../../../arm-none-eabi/lib/thumb/v7e-m/nofp/libc.a(lib_a-mlock.o)
                              /usr/lib/gcc/arm-none-eabi/10.3.1/../../../arm-none-eabi/lib/thumb/v7e-m/nofp/libc.a(lib_a-mallocr.o) (__malloc_lock)
/usr/lib/gcc/arm-none-eabi/10.3.1/../../../arm-none-eabi/lib/thumb/v7e-m/nofp/libc.a(lib_a-openr.o)
                              /usr/lib/gcc/arm-none-eabi/10.3.1/../../../arm-none-eabi/lib/thumb/v7e-m/nofp/libc.a(lib_a-freopen.o) (_open_r)
/usr/lib/gcc/arm-none-eabi/10.3.1/../../../arm-none-eabi/lib/thumb/v7e-m/nofp/libc.a(lib_a-reent.o)
                              /usr/lib/gcc/arm-none-eabi/10.3.1/../../../arm-none-eabi/lib/thumb/v7e-m/nofp/libc.a(lib_a-openr.o) (errno)
/usr/lib/gcc/arm-none-eabi/10.3.1/../../../arm-none-eabi/lib/thumb/v7e-m/nofp/libc.a(lib_a-sbrkr.o)
                              /usr/lib/gcc/arm-none-eabi/10.3.1/../../../arm-none-eabi/lib/thumb/v7e-m/nofp/libc.a(lib_a-mallocr.o) (_sbrk_r)
/usr/lib/gcc/arm-none-eabi/10.3.1/../../../arm-none-eabi/lib/thumb/v7e-m/nofp/libc.a(lib_a-setvbuf.o)
                              build/objs-racer/usb_serial.o (setvbuf)
/usr/lib/gcc/arm-none-eabi/10.3.1/../../../arm-none-eabi/lib/thumb/v7e-m/nofp/libc.a(lib_a-stdio.o)
                              /usr/lib/gcc/arm-none-eabi/10.3.1/../../../arm-none-eabi/lib/thumb/v7e-m/nofp/libc.a(lib_a-freopen.o) (__sread)
/usr/lib/gcc/arm-none-eabi/10.3.1/../../../arm-none-eabi/lib/thumb/v7e-m/nofp/libc.a(lib_a-strcmp.o)
                              build/objs-racer/syscalls.o (strcmp)
/usr/lib/gcc/arm-none-eabi/10.3.1/../../../arm-none-eabi/lib/thumb/v7e-m/nofp/libc.a(lib_a-strncmp.o)
                              build/objs-racer/syscalls.o (strncmp)
/usr/lib/gcc/arm-none-eabi/10.3.1/../../../arm-none-eabi/lib/thumb/v7e-m/nofp/libc.a(lib_a-vsnprintf.o)
                              build/objs-racer/tty.o (vsnprintf)
/usr/lib/gcc/arm-none-eabi/10.3.1/../../../arm-none-eabi/lib/thumb/v7e-m/nofp/libc.a(lib_a-writer.o)
[...]
Memory Configuration

Name             Origin             Length             Attributes
FLASH            0x0000000000400000 0x0000000000080000 xr
SRAM             0x0000000020000000 0x0000000000020000 xrw
*default*        0x0000000000000000 0xffffffffffffffff

Linker script and memory map

LOAD /usr/lib/gcc/arm-none-eabi/10.3.1/thumb/v7e-m/nofp/crti.o
LOAD /usr/lib/gcc/arm-none-eabi/10.3.1/thumb/v7e-m/nofp/crtbegin.o
LOAD /usr/lib/gcc/arm-none-eabi/10.3.1/../../../arm-none-eabi/lib/thumb/v7e-m/nofp/crt0.o
LOAD build/objs-racer/racer.o
LOAD build/objs-racer/led.o
LOAD build/objs-racer/pacer.o
LOAD build/objs-racer/usb_serial.o
LOAD build/objs-racer/panic.o
LOAD build/objs-racer/nrf24.o
LOAD build/objs-racer/button.o
LOAD build/objs-racer/ledtape.o
LOAD build/objs-racer/ledbuffer.o
LOAD build/objs-racer/tty.o
LOAD build/objs-racer/linebuffer.o
LOAD build/objs-racer/usb_cdc.o
LOAD build/objs-racer/usb.o
LOAD build/objs-racer/ring.o
LOAD build/objs-racer/mcu_sleep.o
LOAD build/objs-racer/crt0.o
LOAD build/objs-racer/mcu.o
LOAD build/objs-racer/syscalls.o
LOAD build/objs-racer/pit.o
LOAD build/objs-racer/pwm.o
LOAD build/objs-racer/adc.o
LOAD build/objs-racer/spi.o
LOAD build/objs-racer/udp.o
LOAD build/objs-racer/sysclock.o
LOAD build/objs-racer/systick.o
LOAD /usr/lib/gcc/arm-none-eabi/10.3.1/../../../arm-none-eabi/lib/thumb/v7e-m/nofp/libm.a
LOAD /usr/lib/gcc/arm-none-eabi/10.3.1/../../../arm-none-eabi/lib/thumb/v7e-m/nofp/libc.a
START GROUP
LOAD /usr/lib/gcc/arm-none-eabi/10.3.1/thumb/v7e-m/nofp/libgcc.a
LOAD /usr/lib/gcc/arm-none-eabi/10.3.1/../../../arm-none-eabi/lib/thumb/v7e-m/nofp/libc.a
END GROUP
LOAD /usr/lib/gcc/arm-none-eabi/10.3.1/thumb/v7e-m/nofp/crtend.o
LOAD /usr/lib/gcc/arm-none-eabi/10.3.1/thumb/v7e-m/nofp/crtn.o
                0x0000000000000000                . = 0x0

.vectors        0x0000000000400000       0x1c
                0x0000000000400000                . = ALIGN (0x4)
                0x0000000000400000                __vectors_start__ = .
 *(.vectors)
 .vectors       0x0000000000400000       0x1c build/objs-racer/crt0.o
                0x0000000000400000                static_exception_table

.text           0x0000000000400040     0xdc68
                0x0000000000400040                . = ALIGN (0x4)
 *(.text)
 .text          0x0000000000400040        0x0 /usr/lib/gcc/arm-none-eabi/10.3.1/thumb/v7e-m/nofp/crti.o
 .text          0x0000000000400040       0x88 /usr/lib/gcc/arm-none-eabi/10.3.1/thumb/v7e-m/nofp/crtbegin.o
 .text          0x00000000004000c8       0x70 /usr/lib/gcc/arm-none-eabi/10.3.1/../../../arm-none-eabi/lib/thumb/v7e-m/nofp/crt0.o
                0x00000000004000c8                _stack_init
                0x00000000004000d0                _mainCRTStartup
                0x00000000004000d0                _start
 .text          0x0000000000400138      0x7c4 build/objs-racer/racer.o
                0x0000000000400368                stopOnBump
                0x00000000004003a8                setPWM
                0x00000000004004c4                channel_A_ISR
                0x00000000004005a0                radioRx
                0x00000000004005fc                radioTx
                0x0000000000400624                checkBattVoltage
                0x00000000004006a4                main
 .text          0x00000000004008fc      0x25c build/objs-racer/led.o
                0x0000000000400b40                led_init
 .text          0x0000000000400b58       0x54 build/objs-racer/pacer.o
                0x0000000000400b58                pacer_init
                0x0000000000400b94                pacer_wait
 .text          0x0000000000400bac      0x134 build/objs-racer/usb_serial.o
                0x0000000000400bac                usb_serial_init
                0x0000000000400c20                usb_serial_echo_set
                0x0000000000400c2a                usb_serial_shutdown
                0x0000000000400c32                usb_serial_puts
                0x0000000000400c3c                usb_serial_gets
                0x0000000000400c46                usb_serial_stdio_init
 .text          0x0000000000400ce0      0x304 build/objs-racer/panic.o
                0x0000000000400f10                panic
 .text          0x0000000000400fe4      0x9a0 build/objs-racer/nrf24.o
                0x0000000000401398                nrf24_is_data_ready
                0x00000000004013dc                nrf24_set_address
                0x00000000004013f0                nrf24_set_channel
                0x0000000000401404                nrf24_listen
                0x00000000004014a8                nrf24_read
                0x0000000000401568                nrf24_power_down
                0x0000000000401580                nrf24_power_up
                0x000000000040159c                nrf24_write
                0x0000000000401754                nrf24_set_pa_level
                0x0000000000401788                nrf24_set_data_rate
                0x00000000004017d4                nrf24_set_crc_length
                0x0000000000401804                nrf24_set_retries
                0x0000000000401820                nrf24_set_auto_ack
                0x0000000000401838                nrf24_set_address_size
                0x0000000000401860                nrf24_set_dynamic_payloads
                0x0000000000401874                nrf24_init
 .text          0x0000000000401984      0x378 build/objs-racer/button.o
                0x0000000000401bc8                button_poll_count_set
                0x0000000000401bd4                button_init
                0x0000000000401c40                button_poll
                0x0000000000401cd8                button_poll_all
 .text          0x0000000000401cfc      0x2e8 build/objs-racer/ledtape.o
                0x0000000000401f40                ledtape_write
 .text          0x0000000000401fe4      0x104 build/objs-racer/ledbuffer.o
                0x0000000000401fe4                ledbuffer_init
                0x0000000000402008                ledbuffer_clear
                0x0000000000402024                ledbuffer_set
                0x000000000040204c                ledbuffer_advance
                0x00000000004020cc                ledbuffer_size
                0x00000000004020d4                ledbuffer_write
 .text          0x00000000004020e8      0x208 build/objs-racer/tty.o
                0x00000000004020e8                tty_putc
                0x0000000000402122                tty_write
                0x000000000040215e                tty_puts
                0x000000000040217a                tty_poll
                0x00000000004021e8                tty_getc
                0x00000000004021f8                tty_read
                0x0000000000402240                tty_gets
                0x000000000040225c                tty_printf
                0x000000000040229c                tty_shutdown
                0x00000000004022a6                tty_echo_set
                0x00000000004022aa                tty_onlcr_set
                0x00000000004022ae                tty_icrnl_set
                0x00000000004022b2                tty_init
 .text          0x00000000004022f0       0xfa build/objs-racer/linebuffer.o
                0x00000000004022f0                linebuffer_init
                0x000000000040231c                linebuffer_add
                0x000000000040238c                linebuffer_full_p
                0x000000000040239a                linebuffer_getc
 *fill*         0x00000000004023ea        0x2 
 .text          0x00000000004023ec      0x23c build/objs-racer/usb_cdc.o
                0x00000000004023ec                usb_cdc_write
                0x0000000000402484                usb_cdc_read
                0x0000000000402520                usb_cdc_read_ready_p
                0x000000000040252a                usb_cdc_configured_p
                0x0000000000402534                usb_cdc_shutdown
                0x000000000040253c                usb_cdc_init
                0x0000000000402580                usb_cdc_getc
                0x00000000004025b6                usb_cdc_putc
                0x00000000004025e8                usb_cdc_puts
                0x0000000000402608                usb_cdc_update
 .text          0x0000000000402628      0x278 build/objs-racer/usb.o
                0x0000000000402628                usb_control_write
                0x0000000000402644                usb_control_gobble
                0x000000000040264e                usb_control_write_zlp
                0x0000000000402668                usb_control_stall
                0x0000000000402674                usb_halt
                0x000000000040267e                usb_halt_p
                0x0000000000402688                usb_std_request_handler
                0x00000000004027f8                usb_read_ready_p
                0x0000000000402802                usb_write_async
                0x0000000000402822                usb_read_async
                0x0000000000402842                usb_read_nonblock
                0x000000000040284e                usb_configured_p
                0x0000000000402858                usb_awake_p
                0x0000000000402862                usb_poll
                0x000000000040286c                usb_shutdown
                0x0000000000402874                usb_init
 .text          0x00000000004028a0      0x2aa build/objs-racer/ring.o
                0x00000000004028a0                ring_read_num
                0x00000000004028b8                ring_empty_p
                0x00000000004028c6                ring_read_num_nowrap
                0x00000000004028de                ring_write_num
                0x00000000004028fa                ring_full_p
                0x0000000000402908                ring_init
                0x0000000000402948                ring_read
                0x00000000004029aa                ring_write
                0x0000000000402a10                ring_write_next
                0x0000000000402a24                ring_read_next
                0x0000000000402a38                ring_write_advance
                0x0000000000402a44                ring_read_advance
                0x0000000000402a50                ring_write_continuous
                0x0000000000402a94                ring_find
                0x0000000000402ae0                ring_putc_force
                0x0000000000402b42                ring_clear
 *fill*         0x0000000000402b4a        0x2 
 .text          0x0000000000402b4c       0xa8 build/objs-racer/mcu_sleep.o
                0x0000000000402b4c                mcu_sleep_wakeup_set
                0x0000000000402bac                mcu_sleep
 .text          0x0000000000402bf4       0x90 build/objs-racer/crt0.o
                0x0000000000402bf4                _unexpected_handler
                0x0000000000402bf8                reset
                0x0000000000402bf8                _reset_handler
                0x0000000000402c70                _usagefault_handler
                0x0000000000402c74                _busfault_handler
                0x0000000000402c78                _memmanage_handler
                0x0000000000402c7c                _hardfault_handler
                0x0000000000402c80                _nmi_handler
 .text          0x0000000000402c84      0x234 build/objs-racer/mcu.o
                0x0000000000402ca4                mcu_chipid
                0x0000000000402cb0                mcu_xtal_mainck_start
                0x0000000000402d7c                mcu_reset_enable
                0x0000000000402d90                mcu_reset_disable
                0x0000000000402da8                mcu_reset_type_get
                0x0000000000402db8                mcu_watchdog_disable
                0x0000000000402dc8                mcu_jtag_disable
                0x0000000000402ddc                mcu_init
                0x0000000000402e30                mcu_reset
                0x0000000000402e40                mcu_select_slowclock
                0x0000000000402e7c                mcu_power_mode_normal
                0x0000000000402e84                mcu_cpu_idle
                0x0000000000402e88                mcu_watchdog_reset
                0x0000000000402e98                mcu_watchdog_enable
                0x0000000000402eb0                mcu_udp_disable
                0x0000000000402eb4                mcu_udp_enable
 .text          0x0000000000402eb8      0x4b4 build/objs-racer/syscalls.o
                0x0000000000402f5c                stdio_redirect
                0x0000000000402f8c                sys_redirect
                0x0000000000402fc8                sys_redirect_stdin
                0x0000000000402fdc                sys_redirect_stdout
                0x0000000000402ff0                sys_redirect_stderr
                0x0000000000403004                _read
                0x0000000000403034                _lseek
                0x0000000000403064                _write
                0x0000000000403094                sys_attach
                0x00000000004030b4                _open
                0x000000000040315c                _close
                0x0000000000403194                _kill
                0x000000000040319c                _exit
                0x00000000004031a0                _getpid
                0x00000000004031a4                _sbrk
                0x00000000004031e0                _fstat
                0x00000000004031e8                _stat
                0x00000000004031f0                _link
                0x00000000004031f8                _unlink
                0x000000000040322c                _raise
                0x0000000000403230                _gettimeofday
                0x0000000000403238                _times
                0x0000000000403240                _isatty
                0x000000000040324c                _system
                0x0000000000403254                _rename
                0x0000000000403264                sys_mount
                0x000000000040327c                sys_device_register
                0x00000000004032b4                sys_read_timeout
                0x0000000000403310                sys_write_timeout
 .text          0x000000000040336c       0x64 build/objs-racer/pit.o
                0x000000000040336c                pit_start
                0x0000000000403376                pit_stop
                0x0000000000403384                pit_get
                0x0000000000403390                pit_wait_until
                0x00000000004033ac                pit_wait
                0x00000000004033bc                pit_init
 .text          0x00000000004033d0      0x5a4 build/objs-racer/pwm.o
                0x0000000000403614                pwm_shutdown
                0x0000000000403624                pwm_period_get
                0x0000000000403630                pwm_duty_set
                0x0000000000403690                pwm_period_set
                0x0000000000403738                pwm_frequency_set
                0x0000000000403780                pwm_duty_get
                0x000000000040378c                pwm_duty_ppt_set
                0x00000000004037c4                pwm_channel_mask
                0x00000000004037d0                pwm_channels_start
                0x000000000040380c                pwm_channels_stop
                0x000000000040384c                pwm_start
                0x0000000000403860                pwm_stop
                0x0000000000403874                pwm_init
 *fill*         0x0000000000403974        0x4 
 .text          0x0000000000403978      0x34c build/objs-racer/adc.o
                0x0000000000403978                adc_reset
                0x0000000000403984                adc_trigger_set
                0x00000000004039b4                adc_clock_speed_kHz_set
                0x0000000000403a28                adc_channels_set
                0x0000000000403a38                adc_bits_set
                0x0000000000403a68                adc_comparison_set
                0x0000000000403a9c                adc_tag_set
                0x0000000000403ab4                adc_calibration_start
                0x0000000000403ac0                adc_calibration_finished_p
                0x0000000000403ad0                adc_calibrate
                0x0000000000403ae8                adc_config
                0x0000000000403b14                adc_pdc_get
                0x0000000000403b1c                adc_enable
                0x0000000000403b20                adc_disable
                0x0000000000403b24                adc_init
                0x0000000000403bcc                adc_ready_p
                0x0000000000403bdc                adc_read
                0x0000000000403c50                adc_sleep
                0x0000000000403c78                adc_comparison_p
                0x0000000000403c88                adc_shutdown
                0x0000000000403c98                adc_convert_bipolar
 *fill*         0x0000000000403cc4        0x4 
 .text          0x0000000000403cc8      0x99c build/objs-racer/spi.o
                0x0000000000403f24                spi_clock_divisor_set
                0x0000000000403f34                spi_clock_speed_kHz_set
                0x0000000000403f9c                spi_cs_hold_set
                0x0000000000403fa8                spi_cs_setup_set
                0x0000000000403fb4                spi_bits_set
                0x0000000000403fc0                spi_mode_set
                0x0000000000403fcc                spi_cs_mode_set
                0x0000000000403fd8                spi_cs_assert
                0x000000000040400c                spi_cs_negate
                0x0000000000404048                spi_cs_auto_enable
                0x0000000000404060                spi_cs_auto_disable
                0x0000000000404074                spi_config
                0x0000000000404160                spi_init
                0x0000000000404298                spi_shutdown
                0x0000000000404338                spi_transfer_8
                0x0000000000404470                spi_transfer_16
                0x000000000040456c                spi_transfer
                0x0000000000404590                spi_transact
                0x00000000004045d8                spi_write
                0x00000000004045ec                spi_read
                0x0000000000404604                spi_read_ready_p
                0x0000000000404610                spi_write_ready_p
                0x000000000040461c                spi_xferc
                0x0000000000404640                spi_getc
                0x000000000040464c                spi_putc
                0x0000000000404654                spi_write_finished_p
 .text          0x0000000000404664     0x102c build/objs-racer/udp.o
                0x0000000000404800                udp_endpoint_error
                0x0000000000404858                udp_endpoint_fifo_write
                0x00000000004048c8                udp_write_async
                0x00000000004049ac                udp_endpoint_read_ready_p
                0x0000000000404aa0                udp_read_async
                0x0000000000404b88                udp_endpoint_write_complete
                0x0000000000404c30                udp_endpoint_write_handler
                0x0000000000404dc8                udp_endpoint_read_handler
                0x0000000000404f30                udp_endpoint_stall_handler
                0x0000000000404f94                udp_stall
                0x0000000000404fd8                udp_endpoint_setup_handler
                0x00000000004052a0                udp_halt
                0x00000000004053d0                udp_idle_p
                0x00000000004053e8                udp_halt_p
                0x0000000000405400                udp_address_set
                0x0000000000405434                udp_configuration_set
                0x00000000004054f8                udp_control_gobble
                0x0000000000405514                udp_read_ready_p
                0x0000000000405520                udp_endpoint_read
                0x0000000000405544                udp_read_nonblock
                0x0000000000405564                udp_signal
                0x0000000000405574                udp_unsignal
                0x0000000000405584                udp_poll
                0x0000000000405594                udp_configured_p
                0x00000000004055a4                udp_awake_p
                0x00000000004055b4                udp_shutdown
                0x00000000004055fc                udp_init
 .text          0x0000000000405690      0x160 build/objs-racer/sysclock.o
                0x00000000004056a8                sysclock_clocks
                0x0000000000405708                sysclock_millis
                0x0000000000405714                sysclock_micros
                0x0000000000405724                sysclock_millis_delay
                0x0000000000405750                sysclock_micros_delay
                0x0000000000405772                sysclock_millis_elapsed
                0x0000000000405798                sysclock_micros_elapsed
                0x00000000004057b8                sysclock_callback
                0x00000000004057c4                sysclock_init
 .text          0x00000000004057f0       0x4c build/objs-racer/systick.o
                0x00000000004057f0                systick_start
                0x00000000004057fa                systick_stop
                0x0000000000405808                systick_period_set
                0x0000000000405812                systick_period_get
                0x000000000040581c                systick_clocks_get
                0x0000000000405828                systick_init
 .text          0x000000000040583c        0xc /usr/lib/gcc/arm-none-eabi/10.3.1/../../../arm-none-eabi/lib/thumb/v7e-m/nofp/libc.a(lib_a-atexit.o)
                0x000000000040583c                atexit
 .text          0x0000000000405848       0x18 /usr/lib/gcc/arm-none-eabi/10.3.1/../../../arm-none-eabi/lib/thumb/v7e-m/nofp/libc.a(lib_a-calloc.o)
                0x0000000000405848                calloc
 .text          0x0000000000405860       0x60 /usr/lib/gcc/arm-none-eabi/10.3.1/../../../arm-none-eabi/lib/thumb/v7e-m/nofp/libc.a(lib_a-callocr.o)
                0x0000000000405860                _calloc_r
 .text          0x00000000004058c0        0xc /usr/lib/gcc/arm-none-eabi/10.3.1/../../../arm-none-eabi/lib/thumb/v7e-m/nofp/libc.a(lib_a-errno.o)
                0x00000000004058c0                __errno
 .text          0x00000000004058cc       0x20 /usr/lib/gcc/arm-none-eabi/10.3.1/../../../arm-none-eabi/lib/thumb/v7e-m/nofp/libc.a(lib_a-exit.o)
                0x00000000004058cc                exit
 .text          0x00000000004058ec       0x2c /usr/lib/gcc/arm-none-eabi/10.3.1/../../../arm-none-eabi/lib/thumb/v7e-m/nofp/libc.a(lib_a-fini.o)
                0x00000000004058ec                __libc_fini_array
 .text          0x0000000000405918      0x178 /usr/lib/gcc/arm-none-eabi/10.3.1/../../../arm-none-eabi/lib/thumb/v7e-m/nofp/libc.a(lib_a-freopen.o)
                0x0000000000405918                _freopen_r
                0x0000000000405a78                freopen
 .text          0x0000000000405a90        0x0 /usr/lib/gcc/arm-none-eabi/10.3.1/../../../arm-none-eabi/lib/thumb/v7e-m/nofp/libc.a(lib_a-impure.o)
 .text          0x0000000000405a90       0x48 /usr/lib/gcc/arm-none-eabi/10.3.1/../../../arm-none-eabi/lib/thumb/v7e-m/nofp/libc.a(lib_a-init.o)
                0x0000000000405a90                __libc_init_array
 .text          0x0000000000405ad8       0x20 /usr/lib/gcc/arm-none-eabi/10.3.1/../../../arm-none-eabi/lib/thumb/v7e-m/nofp/libc.a(lib_a-malloc.o)
                0x0000000000405ad8                malloc
                0x0000000000405ae8                free
 .text          0x0000000000405af8      0x554 /usr/lib/gcc/arm-none-eabi/10.3.1/../../../arm-none-eabi/lib/thumb/v7e-m/nofp/libc.a(lib_a-mallocr.o)
                0x0000000000405af8                _malloc_r
 .text          0x000000000040604c       0x68 /usr/lib/gcc/arm-none-eabi/10.3.1/../../../arm-none-eabi/lib/thumb/v7e-m/nofp/libc.a(lib_a-memcmp.o)
                0x000000000040604c                memcmp
 .text          0x00000000004060b4      0x134 /usr/lib/gcc/arm-none-eabi/10.3.1/../../../arm-none-eabi/lib/thumb/v7e-m/nofp/libc.a(lib_a-memcpy.o)
                0x00000000004060b4                memcpy
 .text          0x00000000004061e8       0xa4 /usr/lib/gcc/arm-none-eabi/10.3.1/../../../arm-none-eabi/lib/thumb/v7e-m/nofp/libc.a(lib_a-memset.o)
                0x00000000004061e8                memset
 .text          0x000000000040628c        0x8 /usr/lib/gcc/arm-none-eabi/10.3.1/../../../arm-none-eabi/lib/thumb/v7e-m/nofp/libc.a(lib_a-mlock.o)
                0x000000000040628c                __malloc_lock
                0x0000000000406290                __malloc_unlock
 .text          0x0000000000406294       0x2c /usr/lib/gcc/arm-none-eabi/10.3.1/../../../arm-none-eabi/lib/thumb/v7e-m/nofp/libc.a(lib_a-openr.o)
                0x0000000000406294                _open_r
 .text          0x00000000004062c0       0xd8 /usr/lib/gcc/arm-none-eabi/10.3.1/../../../arm-none-eabi/lib/thumb/v7e-m/nofp/libc.a(lib_a-reent.o)
                0x00000000004062c0                cleanup_glue
                0x0000000000406308                _reclaim_reent
 .text          0x0000000000406398       0x24 /usr/lib/gcc/arm-none-eabi/10.3.1/../../../arm-none-eabi/lib/thumb/v7e-m/nofp/libc.a(lib_a-sbrkr.o)
                0x0000000000406398                _sbrk_r
 .text          0x00000000004063bc      0x174 /usr/lib/gcc/arm-none-eabi/10.3.1/../../../arm-none-eabi/lib/thumb/v7e-m/nofp/libc.a(lib_a-setvbuf.o)
                0x00000000004063bc                setvbuf
 .text          0x0000000000406530       0x90 /usr/lib/gcc/arm-none-eabi/10.3.1/../../../arm-none-eabi/lib/thumb/v7e-m/nofp/libc.a(lib_a-stdio.o)
                0x0000000000406530                __sread
                0x0000000000406554                __seofread
                0x0000000000406558                __swrite
                0x0000000000406598                __sseek
                0x00000000004065b8                __sclose
 .text          0x00000000004065c0      0x2dc /usr/lib/gcc/arm-none-eabi/10.3.1/../../../arm-none-eabi/lib/thumb/v7e-m/nofp/libc.a(lib_a-strcmp.o)
                0x00000000004065c8                strcmp
 .text          0x000000000040689c       0x80 /usr/lib/gcc/arm-none-eabi/10.3.1/../../../arm-none-eabi/lib/thumb/v7e-m/nofp/libc.a(lib_a-strncmp.o)
                0x000000000040689c                strncmp
 .text          0x000000000040691c       0xe0 /usr/lib/gcc/arm-none-eabi/10.3.1/../../../arm-none-eabi/lib/thumb/v7e-m/nofp/libc.a(lib_a-vsnprintf.o)
                0x000000000040691c                vsnprintf
                0x000000000040698c                _vsnprintf_r
 .text          0x00000000004069fc       0x2c /usr/lib/gcc/arm-none-eabi/10.3.1/../../../arm-none-eabi/lib/thumb/v7e-m/nofp/libc.a(lib_a-writer.o)
                0x00000000004069fc                _write_r
 .text          0x0000000000406a28       0x68 /usr/lib/gcc/arm-none-eabi/10.3.1/../../../arm-none-eabi/lib/thumb/v7e-m/nofp/libc.a(lib_a-__atexit.o)
                0x0000000000406a28                __register_exitproc
 .text          0x0000000000406a90       0xb0 /usr/lib/gcc/arm-none-eabi/10.3.1/../../../arm-none-eabi/lib/thumb/v7e-m/nofp/libc.a(lib_a-__call_atexit.o)
                0x0000000000406a90                __call_exitprocs
 .text          0x0000000000406b40       0x24 /usr/lib/gcc/arm-none-eabi/10.3.1/../../../arm-none-eabi/lib/thumb/v7e-m/nofp/libc.a(lib_a-closer.o)
                0x0000000000406b40                _close_r
 .text          0x0000000000406b64       0xd4 /usr/lib/gcc/arm-none-eabi/10.3.1/../../../arm-none-eabi/lib/thumb/v7e-m/nofp/libc.a(lib_a-fclose.o)
                0x0000000000406bc8                _fclose_r
                0x0000000000406bfc                fclose
 .text          0x0000000000406c38      0x19c /usr/lib/gcc/arm-none-eabi/10.3.1/../../../arm-none-eabi/lib/thumb/v7e-m/nofp/libc.a(lib_a-fflush.o)
                0x0000000000406c38                __sflush_r
                0x0000000000406d58                _fflush_r
                0x0000000000406d84                fflush
 .text          0x0000000000406dd4      0x218 /usr/lib/gcc/arm-none-eabi/10.3.1/../../../arm-none-eabi/lib/thumb/v7e-m/nofp/libc.a(lib_a-findfp.o)
                0x0000000000406dd8                _cleanup_r
                0x0000000000406ec0                __sfmoreglue
                0x0000000000406ef0                __sfp
                0x0000000000406f98                _cleanup
                0x0000000000406fac                __sinit
                0x0000000000406fb4                __sfp_lock_acquire
                0x0000000000406fb8                __sfp_lock_release
                0x0000000000406fbc                __sinit_lock_acquire
                0x0000000000406fc0                __sinit_lock_release
                0x0000000000406fc4                __fp_lock_all
                0x0000000000406fd8                __fp_unlock_all
 .text          0x0000000000406fec       0x84 /usr/lib/gcc/arm-none-eabi/10.3.1/../../../arm-none-eabi/lib/thumb/v7e-m/nofp/libc.a(lib_a-flags.o)
                0x0000000000406fec                __sflags
 .text          0x0000000000407070      0x2ac /usr/lib/gcc/arm-none-eabi/10.3.1/../../../arm-none-eabi/lib/thumb/v7e-m/nofp/libc.a(lib_a-freer.o)
                0x0000000000407070                _malloc_trim_r
                0x0000000000407110                _free_r
 .text          0x000000000040731c       0x88 /usr/lib/gcc/arm-none-eabi/10.3.1/../../../arm-none-eabi/lib/thumb/v7e-m/nofp/libc.a(lib_a-fwalk.o)
                0x000000000040731c                _fwalk
                0x000000000040735c                _fwalk_reent
 .text          0x00000000004073a4       0x2c /usr/lib/gcc/arm-none-eabi/10.3.1/../../../arm-none-eabi/lib/thumb/v7e-m/nofp/libc.a(lib_a-lseekr.o)
                0x00000000004073a4                _lseek_r
 .text          0x00000000004073d0      0x140 /usr/lib/gcc/arm-none-eabi/10.3.1/../../../arm-none-eabi/lib/thumb/v7e-m/nofp/libc.a(lib_a-makebuf.o)
                0x00000000004073d0                __smakebuf_r
                0x00000000004074b0                __swhatbuf_r
 .text          0x0000000000407510       0x2c /usr/lib/gcc/arm-none-eabi/10.3.1/../../../arm-none-eabi/lib/thumb/v7e-m/nofp/libc.a(lib_a-readr.o)
                0x0000000000407510                _read_r
 .text          0x000000000040753c     0x1458 /usr/lib/gcc/arm-none-eabi/10.3.1/../../../arm-none-eabi/lib/thumb/v7e-m/nofp/libc.a(lib_a-svfprintf.o)
                0x000000000040753c                _svfprintf_r
 *fill*         0x0000000000408994        0x4 
 .text          0x0000000000408998      0xfe4 /usr/lib/gcc/arm-none-eabi/10.3.1/../../../arm-none-eabi/lib/thumb/v7e-m/nofp/libc.a(lib_a-dtoa.o)
                0x0000000000408abc                _dtoa_r
 .text          0x000000000040997c       0x2c /usr/lib/gcc/arm-none-eabi/10.3.1/../../../arm-none-eabi/lib/thumb/v7e-m/nofp/libc.a(lib_a-fstatr.o)
                0x000000000040997c                _fstat_r
 .text          0x00000000004099a8       0x24 /usr/lib/gcc/arm-none-eabi/10.3.1/../../../arm-none-eabi/lib/thumb/v7e-m/nofp/libc.a(lib_a-isattyr.o)
                0x00000000004099a8                _isatty_r
 .text          0x00000000004099cc       0x14 /usr/lib/gcc/arm-none-eabi/10.3.1/../../../arm-none-eabi/lib/thumb/v7e-m/nofp/libc.a(lib_a-localeconv.o)
                0x00000000004099cc                __localeconv_l
                0x00000000004099d0                _localeconv_r
                0x00000000004099d8                localeconv
 .text          0x00000000004099e0       0xa0 /usr/lib/gcc/arm-none-eabi/10.3.1/../../../arm-none-eabi/lib/thumb/v7e-m/nofp/libc.a(lib_a-memchr.o)
                0x00000000004099e0                memchr
 .text          0x0000000000409a80      0xa6c /usr/lib/gcc/arm-none-eabi/10.3.1/../../../arm-none-eabi/lib/thumb/v7e-m/nofp/libc.a(lib_a-mprec.o)
                0x0000000000409a80                _Balloc
                0x0000000000409acc                _Bfree
                0x0000000000409ae0                __multadd
                0x0000000000409b80                __s2b
                0x0000000000409c34                __hi0bits
                0x0000000000409c74                __lo0bits
                0x0000000000409cd0                __i2b
                0x0000000000409d2c                __multiply
                0x0000000000409e88                __pow5mult
                0x0000000000409f48                __lshift
                0x000000000040a038                __mcmp
                0x000000000040a078                __mdiff
                0x000000000040a1c4                __ulp
                0x000000000040a208                __b2d
                0x000000000040a2d8                __d2b
                0x000000000040a39c                __ratio
                0x000000000040a3f8                _mprec_log10
                0x000000000040a430                __copybits
                0x000000000040a48c                __any_on
 *fill*         0x000000000040a4ec       0x14 
 .text          0x000000000040a500       0xdc /usr/lib/gcc/arm-none-eabi/10.3.1/../../../arm-none-eabi/lib/thumb/v7e-m/nofp/libc.a(lib_a-strlen.o)
                0x000000000040a500                strlen
 .text          0x000000000040a5dc      0xb54 /usr/lib/gcc/arm-none-eabi/10.3.1/../../../arm-none-eabi/lib/thumb/v7e-m/nofp/libc.a(lib_a-svfiprintf.o)
                0x000000000040a5dc                __ssprint_r
                0x000000000040a6d4                _svfiprintf_r
 .text          0x000000000040b130       0x4c /usr/lib/gcc/arm-none-eabi/10.3.1/../../../arm-none-eabi/lib/thumb/v7e-m/nofp/libc.a(lib_a-assert.o)
                0x000000000040b130                __assert_func
                0x000000000040b170                __assert
 .text          0x000000000040b17c       0x44 /usr/lib/gcc/arm-none-eabi/10.3.1/../../../arm-none-eabi/lib/thumb/v7e-m/nofp/libc.a(lib_a-fiprintf.o)
                0x000000000040b17c                _fiprintf_r
                0x000000000040b198                fiprintf
 .text          0x000000000040b1c0       0x8c /usr/lib/gcc/arm-none-eabi/10.3.1/../../../arm-none-eabi/lib/thumb/v7e-m/nofp/libc.a(lib_a-locale.o)
                0x000000000040b1c0                _setlocale_r
                0x000000000040b200                __locale_mb_cur_max
                0x000000000040b20c                setlocale
 .text          0x000000000040b24c       0x40 /usr/lib/gcc/arm-none-eabi/10.3.1/../../../arm-none-eabi/lib/thumb/v7e-m/nofp/libc.a(lib_a-mbtowc_r.o)
                0x000000000040b24c                _mbtowc_r
                0x000000000040b260                __ascii_mbtowc
 .text          0x000000000040b28c       0xf8 /usr/lib/gcc/arm-none-eabi/10.3.1/../../../arm-none-eabi/lib/thumb/v7e-m/nofp/libc.a(lib_a-memmove.o)
                0x000000000040b28c                memmove
 .text          0x000000000040b384      0x3d8 /usr/lib/gcc/arm-none-eabi/10.3.1/../../../arm-none-eabi/lib/thumb/v7e-m/nofp/libc.a(lib_a-reallocr.o)
                0x000000000040b384                _realloc_r
 .text          0x000000000040b75c      0xd40 /usr/lib/gcc/arm-none-eabi/10.3.1/../../../arm-none-eabi/lib/thumb/v7e-m/nofp/libc.a(lib_a-vfiprintf.o)
                0x000000000040b7d4                __sprint_r
                0x000000000040b7e8                _vfiprintf_r
                0x000000000040c418                vfiprintf
 .text          0x000000000040c49c       0x30 /usr/lib/gcc/arm-none-eabi/10.3.1/../../../arm-none-eabi/lib/thumb/v7e-m/nofp/libc.a(lib_a-wctomb_r.o)
                0x000000000040c49c                _wctomb_r
                0x000000000040c4b0                __ascii_wctomb
 .text          0x000000000040c4cc       0xd4 /usr/lib/gcc/arm-none-eabi/10.3.1/../../../arm-none-eabi/lib/thumb/v7e-m/nofp/libc.a(lib_a-wsetup.o)
                0x000000000040c4cc                __swsetup_r
 .text          0x000000000040c5a0       0x10 /usr/lib/gcc/arm-none-eabi/10.3.1/../../../arm-none-eabi/lib/thumb/v7e-m/nofp/libc.a(lib_a-abort.o)
                0x000000000040c5a0                abort
 .text          0x000000000040c5b0        0x0 /usr/lib/gcc/arm-none-eabi/10.3.1/../../../arm-none-eabi/lib/thumb/v7e-m/nofp/libc.a(lib_a-ctype_.o)
 .text          0x000000000040c5b0      0x10c /usr/lib/gcc/arm-none-eabi/10.3.1/../../../arm-none-eabi/lib/thumb/v7e-m/nofp/libc.a(lib_a-fputwc.o)
                0x000000000040c5b0                __fputwc
                0x000000000040c658                _fputwc_r
                0x000000000040c67c                fputwc
 .text          0x000000000040c6bc      0x2e8 /usr/lib/gcc/arm-none-eabi/10.3.1/../../../arm-none-eabi/lib/thumb/v7e-m/nofp/libc.a(lib_a-fvwrite.o)
                0x000000000040c6bc                __sfvwrite_r
 .text          0x000000000040c9a4      0x288 /usr/lib/gcc/arm-none-eabi/10.3.1/../../../arm-none-eabi/lib/thumb/v7e-m/nofp/libc.a(lib_a-signal.o)
                0x000000000040c9a4                _init_signal_r
                0x000000000040c9d4                _signal_r
                0x000000000040ca20                _raise_r
                0x000000000040ca78                __sigtramp_r
                0x000000000040cadc                raise
                0x000000000040cb38                signal
                0x000000000040cb8c                _init_signal
                0x000000000040cbc4                __sigtramp
 .text          0x000000000040cc2c       0x30 /usr/lib/gcc/arm-none-eabi/10.3.1/../../../arm-none-eabi/lib/thumb/v7e-m/nofp/libc.a(lib_a-signalr.o)
                0x000000000040cc2c                _kill_r
                0x000000000040cc58                _getpid_r
 .text          0x000000000040cc5c       0xc8 /usr/lib/gcc/arm-none-eabi/10.3.1/../../../arm-none-eabi/lib/thumb/v7e-m/nofp/libc.a(lib_a-wbuf.o)
                0x000000000040cc5c                __swbuf_r
                0x000000000040cd0c                __swbuf
 .text          0x000000000040cd24       0x8c /usr/lib/gcc/arm-none-eabi/10.3.1/../../../arm-none-eabi/lib/thumb/v7e-m/nofp/libc.a(lib_a-wcrtomb.o)
                0x000000000040cd24                _wcrtomb_r
                0x000000000040cd60                wcrtomb
 .text          0x000000000040cdb0      0x254 /usr/lib/gcc/arm-none-eabi/10.3.1/thumb/v7e-m/nofp/libgcc.a(_arm_muldf3.o)
 .text          0x000000000040d004      0x378 /usr/lib/gcc/arm-none-eabi/10.3.1/thumb/v7e-m/nofp/libgcc.a(_arm_addsubdf3.o)
                0x000000000040d004                __aeabi_drsub
                0x000000000040d00c                __aeabi_dsub
                0x000000000040d00c                __subdf3
                0x000000000040d010                __adddf3
                0x000000000040d010                __aeabi_dadd
                0x000000000040d288                __aeabi_ui2d
                0x000000000040d288                __floatunsidf
                0x000000000040d2a8                __floatsidf
                0x000000000040d2a8                __aeabi_i2d
                0x000000000040d2cc                __extendsfdf2
                0x000000000040d2cc                __aeabi_f2d
                0x000000000040d310                __aeabi_ul2d
                0x000000000040d310                __floatundidf
                0x000000000040d320                __floatdidf
                0x000000000040d320                __aeabi_l2d
 .text          0x000000000040d37c      0x424 /usr/lib/gcc/arm-none-eabi/10.3.1/thumb/v7e-m/nofp/libgcc.a(_arm_muldivdf3.o)
                0x000000000040d37c                __aeabi_dmul
                0x000000000040d37c                __muldf3
                0x000000000040d5d0                __aeabi_ddiv
                0x000000000040d5d0                __divdf3
 .text          0x000000000040d7a0      0x110 /usr/lib/gcc/arm-none-eabi/10.3.1/thumb/v7e-m/nofp/libgcc.a(_arm_cmpdf2.o)
                0x000000000040d7a0                __gtdf2
                0x000000000040d7a0                __gedf2
                0x000000000040d7a8                __ltdf2
                0x000000000040d7a8                __ledf2
                0x000000000040d7b0                __cmpdf2
                0x000000000040d7b0                __eqdf2
                0x000000000040d7b0                __nedf2
                0x000000000040d82c                __aeabi_cdrcmple
                0x000000000040d83c                __aeabi_cdcmple
                0x000000000040d83c                __aeabi_cdcmpeq
                0x000000000040d84c                __aeabi_dcmpeq
                0x000000000040d860                __aeabi_dcmplt
                0x000000000040d874                __aeabi_dcmple
                0x000000000040d888                __aeabi_dcmpge
                0x000000000040d89c                __aeabi_dcmpgt
 .text          0x000000000040d8b0       0x2c /usr/lib/gcc/arm-none-eabi/10.3.1/thumb/v7e-m/nofp/libgcc.a(_arm_unorddf2.o)
                0x000000000040d8b0                __aeabi_dcmpun
                0x000000000040d8b0                __unorddf2
 .text          0x000000000040d8dc       0x50 /usr/lib/gcc/arm-none-eabi/10.3.1/thumb/v7e-m/nofp/libgcc.a(_arm_fixdfsi.o)
                0x000000000040d8dc                __fixdfsi
                0x000000000040d8dc                __aeabi_d2iz
 .text          0x000000000040d92c       0x40 /usr/lib/gcc/arm-none-eabi/10.3.1/thumb/v7e-m/nofp/libgcc.a(_arm_fixunsdfsi.o)
                0x000000000040d92c                __fixunsdfsi
                0x000000000040d92c                __aeabi_d2uiz
 .text          0x000000000040d96c       0x30 /usr/lib/gcc/arm-none-eabi/10.3.1/thumb/v7e-m/nofp/libgcc.a(_aeabi_uldivmod.o)
                0x000000000040d96c                __aeabi_uldivmod
 .text          0x000000000040d99c      0x2d0 /usr/lib/gcc/arm-none-eabi/10.3.1/thumb/v7e-m/nofp/libgcc.a(_udivmoddi4.o)
                0x000000000040d99c                __udivmoddi4
 .text          0x000000000040dc6c        0x4 /usr/lib/gcc/arm-none-eabi/10.3.1/thumb/v7e-m/nofp/libgcc.a(_dvmd_tls.o)
                0x000000000040dc6c                __aeabi_ldiv0
                0x000000000040dc6c                __aeabi_idiv0
 .text          0x000000000040dc70        0x0 /usr/lib/gcc/arm-none-eabi/10.3.1/thumb/v7e-m/nofp/crtend.o
 .text          0x000000000040dc70        0x0 /usr/lib/gcc/arm-none-eabi/10.3.1/thumb/v7e-m/nofp/crtn.o
 *(.text.*)
 .text.startup  0x000000000040dc70       0x14 /usr/lib/gcc/arm-none-eabi/10.3.1/../../../arm-none-eabi/lib/thumb/v7e-m/nofp/libc.a(lib_a-__call_atexit.o)
 *(.glue_7t)
 .glue_7t       0x000000000040dc84        0x0 linker stubs
 *(.glue_7)
 .glue_7        0x000000000040dc84        0x0 linker stubs
                0x000000000040dc84                . = ALIGN (0x4)
 *(.init)
 .init          0x000000000040dc84        0x4 /usr/lib/gcc/arm-none-eabi/10.3.1/thumb/v7e-m/nofp/crti.o
                0x000000000040dc84                _init
 .init          0x000000000040dc88        0x8 /usr/lib/gcc/arm-none-eabi/10.3.1/thumb/v7e-m/nofp/crtn.o
                0x000000000040dc90                . = ALIGN (0x4)
                0x000000000040dc90                __preinit_array_start = .
 *(.preinit_array)
                0x000000000040dc90                __preinit_array_end = .
                0x000000000040dc90                . = ALIGN (0x4)
                0x000000000040dc90                __init_array_start = .
 *(SORT_BY_NAME(.init_array.*))
 .init_array.00000
                0x000000000040dc90        0x4 /usr/lib/gcc/arm-none-eabi/10.3.1/../../../arm-none-eabi/lib/thumb/v7e-m/nofp/libc.a(lib_a-__call_atexit.o)
 *(.init_array)
 .init_array    0x000000000040dc94        0x4 /usr/lib/gcc/arm-none-eabi/10.3.1/thumb/v7e-m/nofp/crtbegin.o
                0x000000000040dc98                __init_array_end = .
                0x000000000040dc98                . = ALIGN (0x4)
 *crtbegin.o(.ctors)
 *(EXCLUDE_FILE(*crtend.o) .ctors)
 *(SORT_BY_NAME(.ctors.*))
 *crtend.o(.ctors)
                0x000000000040dc98                . = ALIGN (0x4)
 *(.fini)
 .fini          0x000000000040dc98        0x4 /usr/lib/gcc/arm-none-eabi/10.3.1/thumb/v7e-m/nofp/crti.o
                0x000000000040dc98                _fini
 .fini          0x000000000040dc9c        0x8 /usr/lib/gcc/arm-none-eabi/10.3.1/thumb/v7e-m/nofp/crtn.o
                0x000000000040dca4                . = ALIGN (0x4)
                0x000000000040dca4                __fini_array_start = .
 *(.fini_array)
 .fini_array    0x000000000040dca4        0x4 /usr/lib/gcc/arm-none-eabi/10.3.1/thumb/v7e-m/nofp/crtbegin.o
 *(SORT_BY_NAME(.fini_array.*))
                0x000000000040dca8                __fini_array_end = .
 *crtbegin.o(.dtors)
 *(EXCLUDE_FILE(*crtend.o) .dtors)
 *(SORT_BY_NAME(.dtors.*))
 *crtend.o(.dtors)

.vfp11_veneer   0x000000000040dca8        0x0
 .vfp11_veneer  0x000000000040dca8        0x0 linker stubs

.v4_bx          0x000000000040dca8        0x0
 .v4_bx         0x000000000040dca8        0x0 linker stubs

.iplt           0x000000000040dca8        0x0
 .iplt          0x000000000040dca8        0x0 /usr/lib/gcc/arm-none-eabi/10.3.1/thumb/v7e-m/nofp/crtbegin.o
                0x000000000040dca8                . = ALIGN (0x4)

.rodata         0x000000000040dca8      0x6b0
                0x000000000040dca8                . = ALIGN (0x4)
 *(.rodata .rodata.*)
 .rodata        0x000000000040dca8       0x24 /usr/lib/gcc/arm-none-eabi/10.3.1/thumb/v7e-m/nofp/crtbegin.o
 .rodata        0x000000000040dccc       0x41 build/objs-racer/racer.o
                0x000000000040dd08                periodBattCheck
                0x000000000040dd09                periodBumpDelay
                0x000000000040dd0a                periodTx
                0x000000000040dd0b                periodRx
                0x000000000040dd0c                periodPWM
 *fill*         0x000000000040dd0d        0x3 
 .rodata.str1.4
                0x000000000040dd10       0x16 build/objs-racer/usb_serial.o
 *fill*         0x000000000040dd26        0x2 
 .rodata        0x000000000040dd28        0x8 build/objs-racer/usb_serial.o
 .rodata        0x000000000040dd30       0x14 build/objs-racer/tty.o
                0x000000000040dd30                tty_file_ops
 .rodata        0x000000000040dd44       0x63 build/objs-racer/usb_cdc.o
                0x000000000040dd50                usb_cdc_file_ops
 *fill*         0x000000000040dda7        0x1 
 .rodata        0x000000000040dda8       0x12 build/objs-racer/usb.o
 *fill*         0x000000000040ddba        0x2 
 .rodata        0x000000000040ddbc       0x40 build/objs-racer/mcu_sleep.o
 .rodata.str1.4
                0x000000000040ddfc        0x6 build/objs-racer/syscalls.o
 *fill*         0x000000000040de02        0x2 
 .rodata        0x000000000040de04      0x120 build/objs-racer/pwm.o
 .rodata        0x000000000040df24       0x60 build/objs-racer/spi.o
 .rodata        0x000000000040df84        0x4 /usr/lib/gcc/arm-none-eabi/10.3.1/../../../arm-none-eabi/lib/thumb/v7e-m/nofp/libc.a(lib_a-impure.o)
                0x000000000040df84                _global_impure_ptr
 .rodata.str1.4
                0x000000000040df88       0x42 /usr/lib/gcc/arm-none-eabi/10.3.1/../../../arm-none-eabi/lib/thumb/v7e-m/nofp/libc.a(lib_a-svfprintf.o)
 *fill*         0x000000000040dfca        0x2 
 .rodata        0x000000000040dfcc       0x20 /usr/lib/gcc/arm-none-eabi/10.3.1/../../../arm-none-eabi/lib/thumb/v7e-m/nofp/libc.a(lib_a-svfprintf.o)
 .rodata.str1.4
                0x000000000040dfec       0x56 /usr/lib/gcc/arm-none-eabi/10.3.1/../../../arm-none-eabi/lib/thumb/v7e-m/nofp/libc.a(lib_a-dtoa.o)
                                         0x5a (size before relaxing)
 *fill*         0x000000000040e042        0x2 
 .rodata.str1.4
                0x000000000040e044       0x33 /usr/lib/gcc/arm-none-eabi/10.3.1/../../../arm-none-eabi/lib/thumb/v7e-m/nofp/libc.a(lib_a-mprec.o)
                                         0x47 (size before relaxing)
 *fill*         0x000000000040e077        0x1 
 .rodata        0x000000000040e078      0x128 /usr/lib/gcc/arm-none-eabi/10.3.1/../../../arm-none-eabi/lib/thumb/v7e-m/nofp/libc.a(lib_a-mprec.o)
                0x000000000040e088                __mprec_tens
                0x000000000040e150                __mprec_tinytens
                0x000000000040e178                __mprec_bigtens
 .rodata.str1.4
                0x000000000040e1a0       0x2f /usr/lib/gcc/arm-none-eabi/10.3.1/../../../arm-none-eabi/lib/thumb/v7e-m/nofp/libc.a(lib_a-svfiprintf.o)
 .rodata        0x000000000040e1a0       0x20 /usr/lib/gcc/arm-none-eabi/10.3.1/../../../arm-none-eabi/lib/thumb/v7e-m/nofp/libc.a(lib_a-svfiprintf.o)
 .rodata.str1.4
                0x000000000040e1c0       0x3f /usr/lib/gcc/arm-none-eabi/10.3.1/../../../arm-none-eabi/lib/thumb/v7e-m/nofp/libc.a(lib_a-assert.o)
                                         0x43 (size before relaxing)
 *fill*         0x000000000040e1ff        0x1 
 .rodata.str1.4
                0x000000000040e200        0xe /usr/lib/gcc/arm-none-eabi/10.3.1/../../../arm-none-eabi/lib/thumb/v7e-m/nofp/libc.a(lib_a-locale.o)
                                         0x12 (size before relaxing)
 .rodata.str1.4
                0x000000000040e20e       0x2f /usr/lib/gcc/arm-none-eabi/10.3.1/../../../arm-none-eabi/lib/thumb/v7e-m/nofp/libc.a(lib_a-vfiprintf.o)
 *fill*         0x000000000040e20e        0x2 
 .rodata        0x000000000040e210       0x20 /usr/lib/gcc/arm-none-eabi/10.3.1/../../../arm-none-eabi/lib/thumb/v7e-m/nofp/libc.a(lib_a-vfiprintf.o)
 .rodata        0x000000000040e230      0x101 /usr/lib/gcc/arm-none-eabi/10.3.1/../../../arm-none-eabi/lib/thumb/v7e-m/nofp/libc.a(lib_a-ctype_.o)
                0x000000000040e230                _ctype_
 *fill*         0x000000000040e331        0x3 
 .rodata        0x000000000040e334       0x24 /usr/lib/gcc/arm-none-eabi/10.3.1/thumb/v7e-m/nofp/crtend.o

.eh_frame       0x000000000040e358        0x4
 .eh_frame      0x000000000040e358        0x0 /usr/lib/gcc/arm-none-eabi/10.3.1/thumb/v7e-m/nofp/crtbegin.o
 .eh_frame      0x000000000040e358        0x4 /usr/lib/gcc/arm-none-eabi/10.3.1/thumb/v7e-m/nofp/crtend.o

.ARM.extab      0x000000000040e35c        0x0
 .ARM.extab     0x000000000040e35c        0x0 /usr/lib/gcc/arm-none-eabi/10.3.1/../../../arm-none-eabi/lib/thumb/v7e-m/nofp/crt0.o
 .ARM.extab     0x000000000040e35c        0x0 /usr/lib/gcc/arm-none-eabi/10.3.1/thumb/v7e-m/nofp/libgcc.a(_udivmoddi4.o)
                0x000000000040e35c                . = ALIGN (0x4)
                0x000000000040e35c                __exidx_start = .

.ARM.exidx      0x000000000040e35c        0x8
 *(.ARM.exidx* .gnu.linkonce.armexidx.*)
 .ARM.exidx     0x000000000040e35c        0x8 /usr/lib/gcc/arm-none-eabi/10.3.1/../../../arm-none-eabi/lib/thumb/v7e-m/nofp/crt0.o
                                         0x10 (size before relaxing)
 .ARM.exidx     0x000000000040e364        0x0 /usr/lib/gcc/arm-none-eabi/10.3.1/thumb/v7e-m/nofp/libgcc.a(_udivmoddi4.o)
                                          0x8 (size before relaxing)
                0x000000000040e364                __exidx_end = .
                0x000000000040e364                __text_end__ = .

.rel.dyn        0x000000000040e364        0x0
 .rel.iplt      0x000000000040e364        0x0 /usr/lib/gcc/arm-none-eabi/10.3.1/thumb/v7e-m/nofp/crtbegin.o

.data           0x0000000020000000      0xb4c load address 0x000000000040e364
                0x0000000020000000                . = ALIGN (0x40)
                0x0000000020000000                __data_start__ = .
 *(.dynamic_vectors)
 .dynamic_vectors
                0x0000000020000000       0xd0 build/objs-racer/crt0.o
                0x0000000020000000                exception_table
 *(.ramtext)
 .ramtext       0x00000000200000d0       0x48 build/objs-racer/mcu.o
                0x00000000200000d0                mcu_unique_id
                0x0000000020000114                mcu_power_mode_low
 *(.ramfunc)
 *(.data)
 .data          0x0000000020000118        0x0 /usr/lib/gcc/arm-none-eabi/10.3.1/thumb/v7e-m/nofp/crti.o
 .data          0x0000000020000118        0x4 /usr/lib/gcc/arm-none-eabi/10.3.1/thumb/v7e-m/nofp/crtbegin.o
                0x0000000020000118                __dso_handle
 .data          0x000000002000011c        0x0 /usr/lib/gcc/arm-none-eabi/10.3.1/../../../arm-none-eabi/lib/thumb/v7e-m/nofp/crt0.o
 *fill*         0x000000002000011c        0x4 
 .data          0x0000000020000120       0x40 build/objs-racer/racer.o
 .data          0x0000000020000160        0x0 build/objs-racer/led.o
 .data          0x0000000020000160        0x0 build/objs-racer/pacer.o
 .data          0x0000000020000160        0x0 build/objs-racer/usb_serial.o
 .data          0x0000000020000160        0x0 build/objs-racer/panic.o
 .data          0x0000000020000160        0x0 build/objs-racer/nrf24.o
 .data          0x0000000020000160        0x0 build/objs-racer/button.o
 .data          0x0000000020000160        0x0 build/objs-racer/ledtape.o
 .data          0x0000000020000160        0x0 build/objs-racer/ledbuffer.o
 .data          0x0000000020000160        0x0 build/objs-racer/tty.o
 .data          0x0000000020000160        0x0 build/objs-racer/linebuffer.o
 .data          0x0000000020000160        0x8 build/objs-racer/usb_cdc.o
 .data          0x0000000020000168        0x0 build/objs-racer/usb.o
 .data          0x0000000020000168        0x0 build/objs-racer/ring.o
 .data          0x0000000020000168        0x0 build/objs-racer/mcu_sleep.o
 .data          0x0000000020000168        0x0 build/objs-racer/crt0.o
 .data          0x0000000020000168        0x0 build/objs-racer/mcu.o
 .data          0x0000000020000168       0x38 build/objs-racer/syscalls.o
 .data          0x00000000200001a0        0x0 build/objs-racer/pit.o
 .data          0x00000000200001a0        0x0 build/objs-racer/pwm.o
 .data          0x00000000200001a0        0x0 build/objs-racer/adc.o
 .data          0x00000000200001a0        0x0 build/objs-racer/spi.o
 .data          0x00000000200001a0        0x0 build/objs-racer/udp.o
 .data          0x00000000200001a0        0x0 build/objs-racer/sysclock.o
 .data          0x00000000200001a0        0x0 build/objs-racer/systick.o
 .data          0x00000000200001a0        0x0 /usr/lib/gcc/arm-none-eabi/10.3.1/../../../arm-none-eabi/lib/thumb/v7e-m/nofp/libc.a(lib_a-atexit.o)
 .data          0x00000000200001a0        0x0 /usr/lib/gcc/arm-none-eabi/10.3.1/../../../arm-none-eabi/lib/thumb/v7e-m/nofp/libc.a(lib_a-calloc.o)
 .data          0x00000000200001a0        0x0 /usr/lib/gcc/arm-none-eabi/10.3.1/../../../arm-none-eabi/lib/thumb/v7e-m/nofp/libc.a(lib_a-callocr.o)
 .data          0x00000000200001a0        0x0 /usr/lib/gcc/arm-none-eabi/10.3.1/../../../arm-none-eabi/lib/thumb/v7e-m/nofp/libc.a(lib_a-errno.o)
 .data          0x00000000200001a0        0x0 /usr/lib/gcc/arm-none-eabi/10.3.1/../../../arm-none-eabi/lib/thumb/v7e-m/nofp/libc.a(lib_a-exit.o)
 .data          0x00000000200001a0        0x0 /usr/lib/gcc/arm-none-eabi/10.3.1/../../../arm-none-eabi/lib/thumb/v7e-m/nofp/libc.a(lib_a-fini.o)
 .data          0x00000000200001a0        0x0 /usr/lib/gcc/arm-none-eabi/10.3.1/../../../arm-none-eabi/lib/thumb/v7e-m/nofp/libc.a(lib_a-freopen.o)
 .data          0x00000000200001a0      0x430 /usr/lib/gcc/arm-none-eabi/10.3.1/../../../arm-none-eabi/lib/thumb/v7e-m/nofp/libc.a(lib_a-impure.o)
                0x00000000200001a0                _impure_ptr
 .data          0x00000000200005d0        0x0 /usr/lib/gcc/arm-none-eabi/10.3.1/../../../arm-none-eabi/lib/thumb/v7e-m/nofp/libc.a(lib_a-init.o)
 .data          0x00000000200005d0        0x0 /usr/lib/gcc/arm-none-eabi/10.3.1/../../../arm-none-eabi/lib/thumb/v7e-m/nofp/libc.a(lib_a-malloc.o)
 .data          0x00000000200005d0      0x410 /usr/lib/gcc/arm-none-eabi/10.3.1/../../../arm-none-eabi/lib/thumb/v7e-m/nofp/libc.a(lib_a-mallocr.o)
                0x00000000200005d0                __malloc_av_
                0x00000000200009d8                __malloc_sbrk_base
                0x00000000200009dc                __malloc_trim_threshold
 .data          0x00000000200009e0        0x0 /usr/lib/gcc/arm-none-eabi/10.3.1/../../../arm-none-eabi/lib/thumb/v7e-m/nofp/libc.a(lib_a-memcmp.o)
 .data          0x00000000200009e0        0x0 /usr/lib/gcc/arm-none-eabi/10.3.1/../../../arm-none-eabi/lib/thumb/v7e-m/nofp/libc.a(lib_a-memcpy.o)
 .data          0x00000000200009e0        0x0 /usr/lib/gcc/arm-none-eabi/10.3.1/../../../arm-none-eabi/lib/thumb/v7e-m/nofp/libc.a(lib_a-memset.o)
 .data          0x00000000200009e0        0x0 /usr/lib/gcc/arm-none-eabi/10.3.1/../../../arm-none-eabi/lib/thumb/v7e-m/nofp/libc.a(lib_a-mlock.o)
 .data          0x00000000200009e0        0x0 /usr/lib/gcc/arm-none-eabi/10.3.1/../../../arm-none-eabi/lib/thumb/v7e-m/nofp/libc.a(lib_a-openr.o)
 .data          0x00000000200009e0        0x0 /usr/lib/gcc/arm-none-eabi/10.3.1/../../../arm-none-eabi/lib/thumb/v7e-m/nofp/libc.a(lib_a-reent.o)
 .data          0x00000000200009e0        0x0 /usr/lib/gcc/arm-none-eabi/10.3.1/../../../arm-none-eabi/lib/thumb/v7e-m/nofp/libc.a(lib_a-sbrkr.o)
 .data          0x00000000200009e0        0x0 /usr/lib/gcc/arm-none-eabi/10.3.1/../../../arm-none-eabi/lib/thumb/v7e-m/nofp/libc.a(lib_a-setvbuf.o)
 .data          0x00000000200009e0        0x0 /usr/lib/gcc/arm-none-eabi/10.3.1/../../../arm-none-eabi/lib/thumb/v7e-m/nofp/libc.a(lib_a-stdio.o)
 .data          0x00000000200009e0        0x0 /usr/lib/gcc/arm-none-eabi/10.3.1/../../../arm-none-eabi/lib/thumb/v7e-m/nofp/libc.a(lib_a-strcmp.o)
 .data          0x00000000200009e0        0x0 /usr/lib/gcc/arm-none-eabi/10.3.1/../../../arm-none-eabi/lib/thumb/v7e-m/nofp/libc.a(lib_a-strncmp.o)
 .data          0x00000000200009e0        0x0 /usr/lib/gcc/arm-none-eabi/10.3.1/../../../arm-none-eabi/lib/thumb/v7e-m/nofp/libc.a(lib_a-vsnprintf.o)
 .data          0x00000000200009e0        0x0 /usr/lib/gcc/arm-none-eabi/10.3.1/../../../arm-none-eabi/lib/thumb/v7e-m/nofp/libc.a(lib_a-writer.o)
 .data          0x00000000200009e0        0x0 /usr/lib/gcc/arm-none-eabi/10.3.1/../../../arm-none-eabi/lib/thumb/v7e-m/nofp/libc.a(lib_a-__atexit.o)
 .data          0x00000000200009e0        0x0 /usr/lib/gcc/arm-none-eabi/10.3.1/../../../arm-none-eabi/lib/thumb/v7e-m/nofp/libc.a(lib_a-__call_atexit.o)
 .data          0x00000000200009e0        0x0 /usr/lib/gcc/arm-none-eabi/10.3.1/../../../arm-none-eabi/lib/thumb/v7e-m/nofp/libc.a(lib_a-closer.o)
 .data          0x00000000200009e0        0x0 /usr/lib/gcc/arm-none-eabi/10.3.1/../../../arm-none-eabi/lib/thumb/v7e-m/nofp/libc.a(lib_a-fclose.o)
 .data          0x00000000200009e0        0x0 /usr/lib/gcc/arm-none-eabi/10.3.1/../../../arm-none-eabi/lib/thumb/v7e-m/nofp/libc.a(lib_a-fflush.o)
 .data          0x00000000200009e0        0x0 /usr/lib/gcc/arm-none-eabi/10.3.1/../../../arm-none-eabi/lib/thumb/v7e-m/nofp/libc.a(lib_a-findfp.o)
 .data          0x00000000200009e0        0x0 /usr/lib/gcc/arm-none-eabi/10.3.1/../../../arm-none-eabi/lib/thumb/v7e-m/nofp/libc.a(lib_a-flags.o)
 .data          0x00000000200009e0        0x0 /usr/lib/gcc/arm-none-eabi/10.3.1/../../../arm-none-eabi/lib/thumb/v7e-m/nofp/libc.a(lib_a-freer.o)
 .data          0x00000000200009e0        0x0 /usr/lib/gcc/arm-none-eabi/10.3.1/../../../arm-none-eabi/lib/thumb/v7e-m/nofp/libc.a(lib_a-fwalk.o)
 .data          0x00000000200009e0        0x0 /usr/lib/gcc/arm-none-eabi/10.3.1/../../../arm-none-eabi/lib/thumb/v7e-m/nofp/libc.a(lib_a-lseekr.o)
 .data          0x00000000200009e0        0x0 /usr/lib/gcc/arm-none-eabi/10.3.1/../../../arm-none-eabi/lib/thumb/v7e-m/nofp/libc.a(lib_a-makebuf.o)
 .data          0x00000000200009e0        0x0 /usr/lib/gcc/arm-none-eabi/10.3.1/../../../arm-none-eabi/lib/thumb/v7e-m/nofp/libc.a(lib_a-readr.o)
 .data          0x00000000200009e0        0x0 /usr/lib/gcc/arm-none-eabi/10.3.1/../../../arm-none-eabi/lib/thumb/v7e-m/nofp/libc.a(lib_a-svfprintf.o)
 .data          0x00000000200009e0        0x0 /usr/lib/gcc/arm-none-eabi/10.3.1/../../../arm-none-eabi/lib/thumb/v7e-m/nofp/libc.a(lib_a-dtoa.o)
 .data          0x00000000200009e0        0x0 /usr/lib/gcc/arm-none-eabi/10.3.1/../../../arm-none-eabi/lib/thumb/v7e-m/nofp/libc.a(lib_a-fstatr.o)
 .data          0x00000000200009e0        0x0 /usr/lib/gcc/arm-none-eabi/10.3.1/../../../arm-none-eabi/lib/thumb/v7e-m/nofp/libc.a(lib_a-isattyr.o)
 .data          0x00000000200009e0        0x0 /usr/lib/gcc/arm-none-eabi/10.3.1/../../../arm-none-eabi/lib/thumb/v7e-m/nofp/libc.a(lib_a-localeconv.o)
 .data          0x00000000200009e0        0x0 /usr/lib/gcc/arm-none-eabi/10.3.1/../../../arm-none-eabi/lib/thumb/v7e-m/nofp/libc.a(lib_a-memchr.o)
 .data          0x00000000200009e0        0x0 /usr/lib/gcc/arm-none-eabi/10.3.1/../../../arm-none-eabi/lib/thumb/v7e-m/nofp/libc.a(lib_a-mprec.o)
 .data          0x00000000200009e0        0x0 /usr/lib/gcc/arm-none-eabi/10.3.1/../../../arm-none-eabi/lib/thumb/v7e-m/nofp/libc.a(lib_a-strlen.o)
 .data          0x00000000200009e0        0x0 /usr/lib/gcc/arm-none-eabi/10.3.1/../../../arm-none-eabi/lib/thumb/v7e-m/nofp/libc.a(lib_a-svfiprintf.o)
 .data          0x00000000200009e0        0x0 /usr/lib/gcc/arm-none-eabi/10.3.1/../../../arm-none-eabi/lib/thumb/v7e-m/nofp/libc.a(lib_a-assert.o)
 .data          0x00000000200009e0        0x0 /usr/lib/gcc/arm-none-eabi/10.3.1/../../../arm-none-eabi/lib/thumb/v7e-m/nofp/libc.a(lib_a-fiprintf.o)
 .data          0x00000000200009e0      0x16c /usr/lib/gcc/arm-none-eabi/10.3.1/../../../arm-none-eabi/lib/thumb/v7e-m/nofp/libc.a(lib_a-locale.o)
                0x00000000200009e0                __global_locale
 .data          0x0000000020000b4c        0x0 /usr/lib/gcc/arm-none-eabi/10.3.1/../../../arm-none-eabi/lib/thumb/v7e-m/nofp/libc.a(lib_a-mbtowc_r.o)
 .data          0x0000000020000b4c        0x0 /usr/lib/gcc/arm-none-eabi/10.3.1/../../../arm-none-eabi/lib/thumb/v7e-m/nofp/libc.a(lib_a-memmove.o)
 .data          0x0000000020000b4c        0x0 /usr/lib/gcc/arm-none-eabi/10.3.1/../../../arm-none-eabi/lib/thumb/v7e-m/nofp/libc.a(lib_a-reallocr.o)
 .data          0x0000000020000b4c        0x0 /usr/lib/gcc/arm-none-eabi/10.3.1/../../../arm-none-eabi/lib/thumb/v7e-m/nofp/libc.a(lib_a-vfiprintf.o)
 .data          0x0000000020000b4c        0x0 /usr/lib/gcc/arm-none-eabi/10.3.1/../../../arm-none-eabi/lib/thumb/v7e-m/nofp/libc.a(lib_a-wctomb_r.o)
 .data          0x0000000020000b4c        0x0 /usr/lib/gcc/arm-none-eabi/10.3.1/../../../arm-none-eabi/lib/thumb/v7e-m/nofp/libc.a(lib_a-wsetup.o)
 .data          0x0000000020000b4c        0x0 /usr/lib/gcc/arm-none-eabi/10.3.1/../../../arm-none-eabi/lib/thumb/v7e-m/nofp/libc.a(lib_a-abort.o)
 .data          0x0000000020000b4c        0x0 /usr/lib/gcc/arm-none-eabi/10.3.1/../../../arm-none-eabi/lib/thumb/v7e-m/nofp/libc.a(lib_a-ctype_.o)
 .data          0x0000000020000b4c        0x0 /usr/lib/gcc/arm-none-eabi/10.3.1/../../../arm-none-eabi/lib/thumb/v7e-m/nofp/libc.a(lib_a-fputwc.o)
 .data          0x0000000020000b4c        0x0 /usr/lib/gcc/arm-none-eabi/10.3.1/../../../arm-none-eabi/lib/thumb/v7e-m/nofp/libc.a(lib_a-fvwrite.o)
 .data          0x0000000020000b4c        0x0 /usr/lib/gcc/arm-none-eabi/10.3.1/../../../arm-none-eabi/lib/thumb/v7e-m/nofp/libc.a(lib_a-signal.o)
 .data          0x0000000020000b4c        0x0 /usr/lib/gcc/arm-none-eabi/10.3.1/../../../arm-none-eabi/lib/thumb/v7e-m/nofp/libc.a(lib_a-signalr.o)
 .data          0x0000000020000b4c        0x0 /usr/lib/gcc/arm-none-eabi/10.3.1/../../../arm-none-eabi/lib/thumb/v7e-m/nofp/libc.a(lib_a-wbuf.o)
 .data          0x0000000020000b4c        0x0 /usr/lib/gcc/arm-none-eabi/10.3.1/../../../arm-none-eabi/lib/thumb/v7e-m/nofp/libc.a(lib_a-wcrtomb.o)
 .data          0x0000000020000b4c        0x0 /usr/lib/gcc/arm-none-eabi/10.3.1/thumb/v7e-m/nofp/libgcc.a(_arm_muldf3.o)
 .data          0x0000000020000b4c        0x0 /usr/lib/gcc/arm-none-eabi/10.3.1/thumb/v7e-m/nofp/libgcc.a(_arm_addsubdf3.o)
 .data          0x0000000020000b4c        0x0 /usr/lib/gcc/arm-none-eabi/10.3.1/thumb/v7e-m/nofp/libgcc.a(_arm_muldivdf3.o)
 .data          0x0000000020000b4c        0x0 /usr/lib/gcc/arm-none-eabi/10.3.1/thumb/v7e-m/nofp/libgcc.a(_arm_cmpdf2.o)
 .data          0x0000000020000b4c        0x0 /usr/lib/gcc/arm-none-eabi/10.3.1/thumb/v7e-m/nofp/libgcc.a(_arm_unorddf2.o)
 .data          0x0000000020000b4c        0x0 /usr/lib/gcc/arm-none-eabi/10.3.1/thumb/v7e-m/nofp/libgcc.a(_arm_fixdfsi.o)
 .data          0x0000000020000b4c        0x0 /usr/lib/gcc/arm-none-eabi/10.3.1/thumb/v7e-m/nofp/libgcc.a(_arm_fixunsdfsi.o)
 .data          0x0000000020000b4c        0x0 /usr/lib/gcc/arm-none-eabi/10.3.1/thumb/v7e-m/nofp/libgcc.a(_aeabi_uldivmod.o)
 .data          0x0000000020000b4c        0x0 /usr/lib/gcc/arm-none-eabi/10.3.1/thumb/v7e-m/nofp/libgcc.a(_udivmoddi4.o)
 .data          0x0000000020000b4c        0x0 /usr/lib/gcc/arm-none-eabi/10.3.1/thumb/v7e-m/nofp/libgcc.a(_dvmd_tls.o)
 .data          0x0000000020000b4c        0x0 /usr/lib/gcc/arm-none-eabi/10.3.1/thumb/v7e-m/nofp/crtend.o
 .data          0x0000000020000b4c        0x0 /usr/lib/gcc/arm-none-eabi/10.3.1/thumb/v7e-m/nofp/crtn.o
 *(.data.*)
                0x0000000020000b4c                . = ALIGN (0x4)
                0x0000000020000b4c                __data_end__ = .
                0x000000000040e364                __data_load__ = LOADADDR (.data)

.tm_clone_table
                0x0000000020000b4c        0x0 load address 0x000000000040eeb0
 .tm_clone_table
                0x0000000020000b4c        0x0 /usr/lib/gcc/arm-none-eabi/10.3.1/thumb/v7e-m/nofp/crtbegin.o
 .tm_clone_table
                0x0000000020000b4c        0x0 /usr/lib/gcc/arm-none-eabi/10.3.1/thumb/v7e-m/nofp/crtend.o

.igot.plt       0x0000000020000b4c        0x0 load address 0x000000000040eeb0
 .igot.plt      0x0000000020000b4c        0x0 /usr/lib/gcc/arm-none-eabi/10.3.1/thumb/v7e-m/nofp/crtbegin.o

.bss            0x0000000020000b4c      0x4ec load address 0x000000000040eeb0
                0x0000000020000b4c                . = ALIGN (0x4)
                0x0000000020000b4c                __bss_start__ = .
 *(.bss)
 .bss           0x0000000020000b4c        0x0 /usr/lib/gcc/arm-none-eabi/10.3.1/thumb/v7e-m/nofp/crti.o
 .bss           0x0000000020000b4c       0x1c /usr/lib/gcc/arm-none-eabi/10.3.1/thumb/v7e-m/nofp/crtbegin.o
 .bss           0x0000000020000b68        0x0 /usr/lib/gcc/arm-none-eabi/10.3.1/../../../arm-none-eabi/lib/thumb/v7e-m/nofp/crt0.o
 .bss           0x0000000020000b68      0x150 build/objs-racer/racer.o
                0x0000000020000b68                IS_BUMPED
                0x0000000020000b6c                WHITE_STRIP
                0x0000000020000bae                IS_SLEEP
                0x0000000020000bb0                leftDuty
                0x0000000020000bb4                rightDuty
                0x0000000020000bc0                NO_LIGHT
                0x0000000020000c08                RED_STRIP
                0x0000000020000c4c                nrf
                0x0000000020000c54                USB_CONNECTED
                0x0000000020000c58                tasks
                0x0000000020000ca8                leds
                0x0000000020000cac                LEDcount
                0x0000000020000cb0                LEDblue
                0x0000000020000cb4                RADIO_TX_BUFFER
 .bss           0x0000000020000cb8        0x0 build/objs-racer/led.o
 .bss           0x0000000020000cb8        0x8 build/objs-racer/pacer.o
 .bss           0x0000000020000cc0        0x0 build/objs-racer/usb_serial.o
 .bss           0x0000000020000cc0        0x0 build/objs-racer/panic.o
 .bss           0x0000000020000cc0       0x18 build/objs-racer/nrf24.o
 .bss           0x0000000020000cd8       0x38 build/objs-racer/button.o
 .bss           0x0000000020000d10        0x0 build/objs-racer/ledtape.o
 .bss           0x0000000020000d10        0x0 build/objs-racer/ledbuffer.o
 .bss           0x0000000020000d10        0x0 build/objs-racer/tty.o
 .bss           0x0000000020000d10        0x0 build/objs-racer/linebuffer.o
 .bss           0x0000000020000d10       0x20 build/objs-racer/usb_cdc.o
 .bss           0x0000000020000d30       0x10 build/objs-racer/usb.o
 .bss           0x0000000020000d40        0x0 build/objs-racer/ring.o
 .bss           0x0000000020000d40        0x0 build/objs-racer/mcu_sleep.o
 .bss           0x0000000020000d40        0x0 build/objs-racer/crt0.o
 .bss           0x0000000020000d40        0x0 build/objs-racer/mcu.o
 .bss           0x0000000020000d40       0x50 build/objs-racer/syscalls.o
 .bss           0x0000000020000d90        0x0 build/objs-racer/pit.o
 .bss           0x0000000020000d90       0x50 build/objs-racer/pwm.o
 .bss           0x0000000020000de0       0xc4 build/objs-racer/adc.o
 .bss           0x0000000020000ea4       0xcc build/objs-racer/spi.o
 .bss           0x0000000020000f70       0x84 build/objs-racer/udp.o
 .bss           0x0000000020000ff4        0x8 build/objs-racer/sysclock.o
 .bss           0x0000000020000ffc        0x0 build/objs-racer/systick.o
 .bss           0x0000000020000ffc        0x0 /usr/lib/gcc/arm-none-eabi/10.3.1/../../../arm-none-eabi/lib/thumb/v7e-m/nofp/libc.a(lib_a-atexit.o)
 .bss           0x0000000020000ffc        0x0 /usr/lib/gcc/arm-none-eabi/10.3.1/../../../arm-none-eabi/lib/thumb/v7e-m/nofp/libc.a(lib_a-calloc.o)
 .bss           0x0000000020000ffc        0x0 /usr/lib/gcc/arm-none-eabi/10.3.1/../../../arm-none-eabi/lib/thumb/v7e-m/nofp/libc.a(lib_a-callocr.o)
 .bss           0x0000000020000ffc        0x0 /usr/lib/gcc/arm-none-eabi/10.3.1/../../../arm-none-eabi/lib/thumb/v7e-m/nofp/libc.a(lib_a-errno.o)
 .bss           0x0000000020000ffc        0x0 /usr/lib/gcc/arm-none-eabi/10.3.1/../../../arm-none-eabi/lib/thumb/v7e-m/nofp/libc.a(lib_a-exit.o)
 .bss           0x0000000020000ffc        0x0 /usr/lib/gcc/arm-none-eabi/10.3.1/../../../arm-none-eabi/lib/thumb/v7e-m/nofp/libc.a(lib_a-fini.o)
 .bss           0x0000000020000ffc        0x0 /usr/lib/gcc/arm-none-eabi/10.3.1/../../../arm-none-eabi/lib/thumb/v7e-m/nofp/libc.a(lib_a-freopen.o)
 .bss           0x0000000020000ffc        0x0 /usr/lib/gcc/arm-none-eabi/10.3.1/../../../arm-none-eabi/lib/thumb/v7e-m/nofp/libc.a(lib_a-impure.o)
 .bss           0x0000000020000ffc        0x0 /usr/lib/gcc/arm-none-eabi/10.3.1/../../../arm-none-eabi/lib/thumb/v7e-m/nofp/libc.a(lib_a-init.o)
 .bss           0x0000000020000ffc        0x0 /usr/lib/gcc/arm-none-eabi/10.3.1/../../../arm-none-eabi/lib/thumb/v7e-m/nofp/libc.a(lib_a-malloc.o)
 .bss           0x0000000020000ffc       0x34 /usr/lib/gcc/arm-none-eabi/10.3.1/../../../arm-none-eabi/lib/thumb/v7e-m/nofp/libc.a(lib_a-mallocr.o)
                0x0000000020000ffc                __malloc_top_pad
                0x0000000020001000                __malloc_current_mallinfo
                0x0000000020001028                __malloc_max_sbrked_mem
                0x000000002000102c                __malloc_max_total_mem
 .bss           0x0000000020001030        0x0 /usr/lib/gcc/arm-none-eabi/10.3.1/../../../arm-none-eabi/lib/thumb/v7e-m/nofp/libc.a(lib_a-memcmp.o)
 .bss           0x0000000020001030        0x0 /usr/lib/gcc/arm-none-eabi/10.3.1/../../../arm-none-eabi/lib/thumb/v7e-m/nofp/libc.a(lib_a-memcpy.o)
 .bss           0x0000000020001030        0x0 /usr/lib/gcc/arm-none-eabi/10.3.1/../../../arm-none-eabi/lib/thumb/v7e-m/nofp/libc.a(lib_a-memset.o)
 .bss           0x0000000020001030        0x0 /usr/lib/gcc/arm-none-eabi/10.3.1/../../../arm-none-eabi/lib/thumb/v7e-m/nofp/libc.a(lib_a-mlock.o)
 .bss           0x0000000020001030        0x0 /usr/lib/gcc/arm-none-eabi/10.3.1/../../../arm-none-eabi/lib/thumb/v7e-m/nofp/libc.a(lib_a-openr.o)
 .bss           0x0000000020001030        0x4 /usr/lib/gcc/arm-none-eabi/10.3.1/../../../arm-none-eabi/lib/thumb/v7e-m/nofp/libc.a(lib_a-reent.o)
                0x0000000020001030                errno
 .bss           0x0000000020001034        0x0 /usr/lib/gcc/arm-none-eabi/10.3.1/../../../arm-none-eabi/lib/thumb/v7e-m/nofp/libc.a(lib_a-sbrkr.o)
 .bss           0x0000000020001034        0x0 /usr/lib/gcc/arm-none-eabi/10.3.1/../../../arm-none-eabi/lib/thumb/v7e-m/nofp/libc.a(lib_a-setvbuf.o)
 .bss           0x0000000020001034        0x0 /usr/lib/gcc/arm-none-eabi/10.3.1/../../../arm-none-eabi/lib/thumb/v7e-m/nofp/libc.a(lib_a-stdio.o)
 .bss           0x0000000020001034        0x0 /usr/lib/gcc/arm-none-eabi/10.3.1/../../../arm-none-eabi/lib/thumb/v7e-m/nofp/libc.a(lib_a-strcmp.o)
 .bss           0x0000000020001034        0x0 /usr/lib/gcc/arm-none-eabi/10.3.1/../../../arm-none-eabi/lib/thumb/v7e-m/nofp/libc.a(lib_a-strncmp.o)
 .bss           0x0000000020001034        0x0 /usr/lib/gcc/arm-none-eabi/10.3.1/../../../arm-none-eabi/lib/thumb/v7e-m/nofp/libc.a(lib_a-vsnprintf.o)
 .bss           0x0000000020001034        0x0 /usr/lib/gcc/arm-none-eabi/10.3.1/../../../arm-none-eabi/lib/thumb/v7e-m/nofp/libc.a(lib_a-writer.o)
 .bss           0x0000000020001034        0x0 /usr/lib/gcc/arm-none-eabi/10.3.1/../../../arm-none-eabi/lib/thumb/v7e-m/nofp/libc.a(lib_a-__atexit.o)
 .bss           0x0000000020001034        0x0 /usr/lib/gcc/arm-none-eabi/10.3.1/../../../arm-none-eabi/lib/thumb/v7e-m/nofp/libc.a(lib_a-__call_atexit.o)
 .bss           0x0000000020001034        0x0 /usr/lib/gcc/arm-none-eabi/10.3.1/../../../arm-none-eabi/lib/thumb/v7e-m/nofp/libc.a(lib_a-closer.o)
 .bss           0x0000000020001034        0x0 /usr/lib/gcc/arm-none-eabi/10.3.1/../../../arm-none-eabi/lib/thumb/v7e-m/nofp/libc.a(lib_a-fclose.o)
 .bss           0x0000000020001034        0x0 /usr/lib/gcc/arm-none-eabi/10.3.1/../../../arm-none-eabi/lib/thumb/v7e-m/nofp/libc.a(lib_a-fflush.o)
 .bss           0x0000000020001034        0x0 /usr/lib/gcc/arm-none-eabi/10.3.1/../../../arm-none-eabi/lib/thumb/v7e-m/nofp/libc.a(lib_a-findfp.o)
 .bss           0x0000000020001034        0x0 /usr/lib/gcc/arm-none-eabi/10.3.1/../../../arm-none-eabi/lib/thumb/v7e-m/nofp/libc.a(lib_a-flags.o)
 .bss           0x0000000020001034        0x0 /usr/lib/gcc/arm-none-eabi/10.3.1/../../../arm-none-eabi/lib/thumb/v7e-m/nofp/libc.a(lib_a-freer.o)
 .bss           0x0000000020001034        0x0 /usr/lib/gcc/arm-none-eabi/10.3.1/../../../arm-none-eabi/lib/thumb/v7e-m/nofp/libc.a(lib_a-fwalk.o)
 .bss           0x0000000020001034        0x0 /usr/lib/gcc/arm-none-eabi/10.3.1/../../../arm-none-eabi/lib/thumb/v7e-m/nofp/libc.a(lib_a-lseekr.o)
 .bss           0x0000000020001034        0x0 /usr/lib/gcc/arm-none-eabi/10.3.1/../../../arm-none-eabi/lib/thumb/v7e-m/nofp/libc.a(lib_a-makebuf.o)
 .bss           0x0000000020001034        0x0 /usr/lib/gcc/arm-none-eabi/10.3.1/../../../arm-none-eabi/lib/thumb/v7e-m/nofp/libc.a(lib_a-readr.o)
 .bss           0x0000000020001034        0x0 /usr/lib/gcc/arm-none-eabi/10.3.1/../../../arm-none-eabi/lib/thumb/v7e-m/nofp/libc.a(lib_a-svfprintf.o)
 .bss           0x0000000020001034        0x0 /usr/lib/gcc/arm-none-eabi/10.3.1/../../../arm-none-eabi/lib/thumb/v7e-m/nofp/libc.a(lib_a-dtoa.o)
 .bss           0x0000000020001034        0x0 /usr/lib/gcc/arm-none-eabi/10.3.1/../../../arm-none-eabi/lib/thumb/v7e-m/nofp/libc.a(lib_a-fstatr.o)
 .bss           0x0000000020001034        0x0 /usr/lib/gcc/arm-none-eabi/10.3.1/../../../arm-none-eabi/lib/thumb/v7e-m/nofp/libc.a(lib_a-isattyr.o)
 .bss           0x0000000020001034        0x0 /usr/lib/gcc/arm-none-eabi/10.3.1/../../../arm-none-eabi/lib/thumb/v7e-m/nofp/libc.a(lib_a-localeconv.o)
 .bss           0x0000000020001034        0x0 /usr/lib/gcc/arm-none-eabi/10.3.1/../../../arm-none-eabi/lib/thumb/v7e-m/nofp/libc.a(lib_a-memchr.o)
 .bss           0x0000000020001034        0x0 /usr/lib/gcc/arm-none-eabi/10.3.1/../../../arm-none-eabi/lib/thumb/v7e-m/nofp/libc.a(lib_a-mprec.o)
 .bss           0x0000000020001034        0x0 /usr/lib/gcc/arm-none-eabi/10.3.1/../../../arm-none-eabi/lib/thumb/v7e-m/nofp/libc.a(lib_a-strlen.o)
 .bss           0x0000000020001034        0x0 /usr/lib/gcc/arm-none-eabi/10.3.1/../../../arm-none-eabi/lib/thumb/v7e-m/nofp/libc.a(lib_a-svfiprintf.o)
 .bss           0x0000000020001034        0x0 /usr/lib/gcc/arm-none-eabi/10.3.1/../../../arm-none-eabi/lib/thumb/v7e-m/nofp/libc.a(lib_a-assert.o)
 .bss           0x0000000020001034        0x0 /usr/lib/gcc/arm-none-eabi/10.3.1/../../../arm-none-eabi/lib/thumb/v7e-m/nofp/libc.a(lib_a-fiprintf.o)
 .bss           0x0000000020001034        0x4 /usr/lib/gcc/arm-none-eabi/10.3.1/../../../arm-none-eabi/lib/thumb/v7e-m/nofp/libc.a(lib_a-locale.o)
                0x0000000020001034                _PathLocale
 .bss           0x0000000020001038        0x0 /usr/lib/gcc/arm-none-eabi/10.3.1/../../../arm-none-eabi/lib/thumb/v7e-m/nofp/libc.a(lib_a-mbtowc_r.o)
 .bss           0x0000000020001038        0x0 /usr/lib/gcc/arm-none-eabi/10.3.1/../../../arm-none-eabi/lib/thumb/v7e-m/nofp/libc.a(lib_a-memmove.o)
 .bss           0x0000000020001038        0x0 /usr/lib/gcc/arm-none-eabi/10.3.1/../../../arm-none-eabi/lib/thumb/v7e-m/nofp/libc.a(lib_a-reallocr.o)
 .bss           0x0000000020001038        0x0 /usr/lib/gcc/arm-none-eabi/10.3.1/../../../arm-none-eabi/lib/thumb/v7e-m/nofp/libc.a(lib_a-vfiprintf.o)
 .bss           0x0000000020001038        0x0 /usr/lib/gcc/arm-none-eabi/10.3.1/../../../arm-none-eabi/lib/thumb/v7e-m/nofp/libc.a(lib_a-wctomb_r.o)
 .bss           0x0000000020001038        0x0 /usr/lib/gcc/arm-none-eabi/10.3.1/../../../arm-none-eabi/lib/thumb/v7e-m/nofp/libc.a(lib_a-wsetup.o)
 .bss           0x0000000020001038        0x0 /usr/lib/gcc/arm-none-eabi/10.3.1/../../../arm-none-eabi/lib/thumb/v7e-m/nofp/libc.a(lib_a-abort.o)
 .bss           0x0000000020001038        0x0 /usr/lib/gcc/arm-none-eabi/10.3.1/../../../arm-none-eabi/lib/thumb/v7e-m/nofp/libc.a(lib_a-ctype_.o)
 .bss           0x0000000020001038        0x0 /usr/lib/gcc/arm-none-eabi/10.3.1/../../../arm-none-eabi/lib/thumb/v7e-m/nofp/libc.a(lib_a-fputwc.o)
 .bss           0x0000000020001038        0x0 /usr/lib/gcc/arm-none-eabi/10.3.1/../../../arm-none-eabi/lib/thumb/v7e-m/nofp/libc.a(lib_a-fvwrite.o)
 .bss           0x0000000020001038        0x0 /usr/lib/gcc/arm-none-eabi/10.3.1/../../../arm-none-eabi/lib/thumb/v7e-m/nofp/libc.a(lib_a-signal.o)
 .bss           0x0000000020001038        0x0 /usr/lib/gcc/arm-none-eabi/10.3.1/../../../arm-none-eabi/lib/thumb/v7e-m/nofp/libc.a(lib_a-signalr.o)
 .bss           0x0000000020001038        0x0 /usr/lib/gcc/arm-none-eabi/10.3.1/../../../arm-none-eabi/lib/thumb/v7e-m/nofp/libc.a(lib_a-wbuf.o)
 .bss           0x0000000020001038        0x0 /usr/lib/gcc/arm-none-eabi/10.3.1/../../../arm-none-eabi/lib/thumb/v7e-m/nofp/libc.a(lib_a-wcrtomb.o)
 .bss           0x0000000020001038        0x0 /usr/lib/gcc/arm-none-eabi/10.3.1/thumb/v7e-m/nofp/libgcc.a(_arm_muldf3.o)
 .bss           0x0000000020001038        0x0 /usr/lib/gcc/arm-none-eabi/10.3.1/thumb/v7e-m/nofp/libgcc.a(_arm_addsubdf3.o)
 .bss           0x0000000020001038        0x0 /usr/lib/gcc/arm-none-eabi/10.3.1/thumb/v7e-m/nofp/libgcc.a(_arm_muldivdf3.o)
 .bss           0x0000000020001038        0x0 /usr/lib/gcc/arm-none-eabi/10.3.1/thumb/v7e-m/nofp/libgcc.a(_arm_cmpdf2.o)
 .bss           0x0000000020001038        0x0 /usr/lib/gcc/arm-none-eabi/10.3.1/thumb/v7e-m/nofp/libgcc.a(_arm_unorddf2.o)
 .bss           0x0000000020001038        0x0 /usr/lib/gcc/arm-none-eabi/10.3.1/thumb/v7e-m/nofp/libgcc.a(_arm_fixdfsi.o)
 .bss           0x0000000020001038        0x0 /usr/lib/gcc/arm-none-eabi/10.3.1/thumb/v7e-m/nofp/libgcc.a(_arm_fixunsdfsi.o)
 .bss           0x0000000020001038        0x0 /usr/lib/gcc/arm-none-eabi/10.3.1/thumb/v7e-m/nofp/libgcc.a(_aeabi_uldivmod.o)
 .bss           0x0000000020001038        0x0 /usr/lib/gcc/arm-none-eabi/10.3.1/thumb/v7e-m/nofp/libgcc.a(_udivmoddi4.o)
 .bss           0x0000000020001038        0x0 /usr/lib/gcc/arm-none-eabi/10.3.1/thumb/v7e-m/nofp/libgcc.a(_dvmd_tls.o)
 .bss           0x0000000020001038        0x0 /usr/lib/gcc/arm-none-eabi/10.3.1/thumb/v7e-m/nofp/crtend.o
 .bss           0x0000000020001038        0x0 /usr/lib/gcc/arm-none-eabi/10.3.1/thumb/v7e-m/nofp/crtn.o
 *(.bss.*)
 *(COMMON)
                0x0000000020001038                . = ALIGN (0x4)
                0x0000000020001038                __bss_end__ = .
                0x0000000020001038                _end = .
                0x0000000020001038                end = .
                0x0000000020020000                __stack_start__ = (ORIGIN (SRAM) + LENGTH (SRAM))

.stab
 *(.stab)

.stabstr
 *(.stabstr)

.stab.excl
 *(.stab.excl)

.stab.exclstr
 *(.stab.exclstr)

.stab.index
 *(.stab.index)

.stab.indexstr
 *(.stab.indexstr)

.comment        0x0000000000000000       0x33
 *(.comment)
 .comment       0x0000000000000000       0x33 /usr/lib/gcc/arm-none-eabi/10.3.1/thumb/v7e-m/nofp/crtbegin.o
                                         0x34 (size before relaxing)
 .comment       0x0000000000000033       0x34 build/objs-racer/racer.o
 .comment       0x0000000000000033       0x34 build/objs-racer/led.o
 .comment       0x0000000000000033       0x34 build/objs-racer/pacer.o
 .comment       0x0000000000000033       0x34 build/objs-racer/usb_serial.o
 .comment       0x0000000000000033       0x34 build/objs-racer/panic.o
 .comment       0x0000000000000033       0x34 build/objs-racer/nrf24.o
 .comment       0x0000000000000033       0x34 build/objs-racer/button.o
 .comment       0x0000000000000033       0x34 build/objs-racer/ledtape.o
 .comment       0x0000000000000033       0x34 build/objs-racer/ledbuffer.o
 .comment       0x0000000000000033       0x34 build/objs-racer/tty.o
 .comment       0x0000000000000033       0x34 build/objs-racer/linebuffer.o
 .comment       0x0000000000000033       0x34 build/objs-racer/usb_cdc.o
 .comment       0x0000000000000033       0x34 build/objs-racer/usb.o
 .comment       0x0000000000000033       0x34 build/objs-racer/ring.o
 .comment       0x0000000000000033       0x34 build/objs-racer/mcu_sleep.o
 .comment       0x0000000000000033       0x34 build/objs-racer/crt0.o
 .comment       0x0000000000000033       0x34 build/objs-racer/mcu.o
 .comment       0x0000000000000033       0x34 build/objs-racer/syscalls.o
 .comment       0x0000000000000033       0x34 build/objs-racer/pit.o
 .comment       0x0000000000000033       0x34 build/objs-racer/pwm.o
 .comment       0x0000000000000033       0x34 build/objs-racer/adc.o
 .comment       0x0000000000000033       0x34 build/objs-racer/spi.o
 .comment       0x0000000000000033       0x34 build/objs-racer/udp.o
 .comment       0x0000000000000033       0x34 build/objs-racer/sysclock.o
 .comment       0x0000000000000033       0x34 build/objs-racer/systick.o
 .comment       0x0000000000000033       0x34 /usr/lib/gcc/arm-none-eabi/10.3.1/../../../arm-none-eabi/lib/thumb/v7e-m/nofp/libc.a(lib_a-atexit.o)
 .comment       0x0000000000000033       0x34 /usr/lib/gcc/arm-none-eabi/10.3.1/../../../arm-none-eabi/lib/thumb/v7e-m/nofp/libc.a(lib_a-calloc.o)
 .comment       0x0000000000000033       0x34 /usr/lib/gcc/arm-none-eabi/10.3.1/../../../arm-none-eabi/lib/thumb/v7e-m/nofp/libc.a(lib_a-callocr.o)
 .comment       0x0000000000000033       0x34 /usr/lib/gcc/arm-none-eabi/10.3.1/../../../arm-none-eabi/lib/thumb/v7e-m/nofp/libc.a(lib_a-errno.o)
 .comment       0x0000000000000033       0x34 /usr/lib/gcc/arm-none-eabi/10.3.1/../../../arm-none-eabi/lib/thumb/v7e-m/nofp/libc.a(lib_a-exit.o)
 .comment       0x0000000000000033       0x34 /usr/lib/gcc/arm-none-eabi/10.3.1/../../../arm-none-eabi/lib/thumb/v7e-m/nofp/libc.a(lib_a-fini.o)
 .comment       0x0000000000000033       0x34 /usr/lib/gcc/arm-none-eabi/10.3.1/../../../arm-none-eabi/lib/thumb/v7e-m/nofp/libc.a(lib_a-freopen.o)
 .comment       0x0000000000000033       0x34 /usr/lib/gcc/arm-none-eabi/10.3.1/../../../arm-none-eabi/lib/thumb/v7e-m/nofp/libc.a(lib_a-impure.o)
 .comment       0x0000000000000033       0x34 /usr/lib/gcc/arm-none-eabi/10.3.1/../../../arm-none-eabi/lib/thumb/v7e-m/nofp/libc.a(lib_a-init.o)
 .comment       0x0000000000000033       0x34 /usr/lib/gcc/arm-none-eabi/10.3.1/../../../arm-none-eabi/lib/thumb/v7e-m/nofp/libc.a(lib_a-malloc.o)
 .comment       0x0000000000000033       0x34 /usr/lib/gcc/arm-none-eabi/10.3.1/../../../arm-none-eabi/lib/thumb/v7e-m/nofp/libc.a(lib_a-mallocr.o)
 .comment       0x0000000000000033       0x34 /usr/lib/gcc/arm-none-eabi/10.3.1/../../../arm-none-eabi/lib/thumb/v7e-m/nofp/libc.a(lib_a-memcmp.o)
 .comment       0x0000000000000033       0x34 /usr/lib/gcc/arm-none-eabi/10.3.1/../../../arm-none-eabi/lib/thumb/v7e-m/nofp/libc.a(lib_a-memset.o)
 .comment       0x0000000000000033       0x34 /usr/lib/gcc/arm-none-eabi/10.3.1/../../../arm-none-eabi/lib/thumb/v7e-m/nofp/libc.a(lib_a-mlock.o)
 .comment       0x0000000000000033       0x34 /usr/lib/gcc/arm-none-eabi/10.3.1/../../../arm-none-eabi/lib/thumb/v7e-m/nofp/libc.a(lib_a-openr.o)
 .comment       0x0000000000000033       0x34 /usr/lib/gcc/arm-none-eabi/10.3.1/../../../arm-none-eabi/lib/thumb/v7e-m/nofp/libc.a(lib_a-reent.o)
 .comment       0x0000000000000033       0x34 /usr/lib/gcc/arm-none-eabi/10.3.1/../../../arm-none-eabi/lib/thumb/v7e-m/nofp/libc.a(lib_a-sbrkr.o)
 .comment       0x0000000000000033       0x34 /usr/lib/gcc/arm-none-eabi/10.3.1/../../../arm-none-eabi/lib/thumb/v7e-m/nofp/libc.a(lib_a-setvbuf.o)
 .comment       0x0000000000000033       0x34 /usr/lib/gcc/arm-none-eabi/10.3.1/../../../arm-none-eabi/lib/thumb/v7e-m/nofp/libc.a(lib_a-stdio.o)
 .comment       0x0000000000000033       0x34 /usr/lib/gcc/arm-none-eabi/10.3.1/../../../arm-none-eabi/lib/thumb/v7e-m/nofp/libc.a(lib_a-strncmp.o)
 .comment       0x0000000000000033       0x34 /usr/lib/gcc/arm-none-eabi/10.3.1/../../../arm-none-eabi/lib/thumb/v7e-m/nofp/libc.a(lib_a-vsnprintf.o)
 .comment       0x0000000000000033       0x34 /usr/lib/gcc/arm-none-eabi/10.3.1/../../../arm-none-eabi/lib/thumb/v7e-m/nofp/libc.a(lib_a-writer.o)
 .comment       0x0000000000000033       0x34 /usr/lib/gcc/arm-none-eabi/10.3.1/../../../arm-none-eabi/lib/thumb/v7e-m/nofp/libc.a(lib_a-__atexit.o)
 .comment       0x0000000000000033       0x34 /usr/lib/gcc/arm-none-eabi/10.3.1/../../../arm-none-eabi/lib/thumb/v7e-m/nofp/libc.a(lib_a-__call_atexit.o)
 .comment       0x0000000000000033       0x34 /usr/lib/gcc/arm-none-eabi/10.3.1/../../../arm-none-eabi/lib/thumb/v7e-m/nofp/libc.a(lib_a-closer.o)
 .comment       0x0000000000000033       0x34 /usr/lib/gcc/arm-none-eabi/10.3.1/../../../arm-none-eabi/lib/thumb/v7e-m/nofp/libc.a(lib_a-fclose.o)
 .comment       0x0000000000000033       0x34 /usr/lib/gcc/arm-none-eabi/10.3.1/../../../arm-none-eabi/lib/thumb/v7e-m/nofp/libc.a(lib_a-fflush.o)
 .comment       0x0000000000000033       0x34 /usr/lib/gcc/arm-none-eabi/10.3.1/../../../arm-none-eabi/lib/thumb/v7e-m/nofp/libc.a(lib_a-findfp.o)
 .comment       0x0000000000000033       0x34 /usr/lib/gcc/arm-none-eabi/10.3.1/../../../arm-none-eabi/lib/thumb/v7e-m/nofp/libc.a(lib_a-flags.o)
 .comment       0x0000000000000033       0x34 /usr/lib/gcc/arm-none-eabi/10.3.1/../../../arm-none-eabi/lib/thumb/v7e-m/nofp/libc.a(lib_a-freer.o)
 .comment       0x0000000000000033       0x34 /usr/lib/gcc/arm-none-eabi/10.3.1/../../../arm-none-eabi/lib/thumb/v7e-m/nofp/libc.a(lib_a-fwalk.o)
 .comment       0x0000000000000033       0x34 /usr/lib/gcc/arm-none-eabi/10.3.1/../../../arm-none-eabi/lib/thumb/v7e-m/nofp/libc.a(lib_a-lseekr.o)
 .comment       0x0000000000000033       0x34 /usr/lib/gcc/arm-none-eabi/10.3.1/../../../arm-none-eabi/lib/thumb/v7e-m/nofp/libc.a(lib_a-makebuf.o)
 .comment       0x0000000000000033       0x34 /usr/lib/gcc/arm-none-eabi/10.3.1/../../../arm-none-eabi/lib/thumb/v7e-m/nofp/libc.a(lib_a-readr.o)
 .comment       0x0000000000000033       0x34 /usr/lib/gcc/arm-none-eabi/10.3.1/../../../arm-none-eabi/lib/thumb/v7e-m/nofp/libc.a(lib_a-svfprintf.o)
 .comment       0x0000000000000033       0x34 /usr/lib/gcc/arm-none-eabi/10.3.1/../../../arm-none-eabi/lib/thumb/v7e-m/nofp/libc.a(lib_a-dtoa.o)
 .comment       0x0000000000000033       0x34 /usr/lib/gcc/arm-none-eabi/10.3.1/../../../arm-none-eabi/lib/thumb/v7e-m/nofp/libc.a(lib_a-fstatr.o)
 .comment       0x0000000000000033       0x34 /usr/lib/gcc/arm-none-eabi/10.3.1/../../../arm-none-eabi/lib/thumb/v7e-m/nofp/libc.a(lib_a-isattyr.o)
 .comment       0x0000000000000033       0x34 /usr/lib/gcc/arm-none-eabi/10.3.1/../../../arm-none-eabi/lib/thumb/v7e-m/nofp/libc.a(lib_a-localeconv.o)
 .comment       0x0000000000000033       0x34 /usr/lib/gcc/arm-none-eabi/10.3.1/../../../arm-none-eabi/lib/thumb/v7e-m/nofp/libc.a(lib_a-mprec.o)
 .comment       0x0000000000000033       0x34 /usr/lib/gcc/arm-none-eabi/10.3.1/../../../arm-none-eabi/lib/thumb/v7e-m/nofp/libc.a(lib_a-svfiprintf.o)
 .comment       0x0000000000000033       0x34 /usr/lib/gcc/arm-none-eabi/10.3.1/../../../arm-none-eabi/lib/thumb/v7e-m/nofp/libc.a(lib_a-assert.o)
 .comment       0x0000000000000033       0x34 /usr/lib/gcc/arm-none-eabi/10.3.1/../../../arm-none-eabi/lib/thumb/v7e-m/nofp/libc.a(lib_a-fiprintf.o)
 .comment       0x0000000000000033       0x34 /usr/lib/gcc/arm-none-eabi/10.3.1/../../../arm-none-eabi/lib/thumb/v7e-m/nofp/libc.a(lib_a-locale.o)
 .comment       0x0000000000000033       0x34 /usr/lib/gcc/arm-none-eabi/10.3.1/../../../arm-none-eabi/lib/thumb/v7e-m/nofp/libc.a(lib_a-mbtowc_r.o)
 .comment       0x0000000000000033       0x34 /usr/lib/gcc/arm-none-eabi/10.3.1/../../../arm-none-eabi/lib/thumb/v7e-m/nofp/libc.a(lib_a-memmove.o)
 .comment       0x0000000000000033       0x34 /usr/lib/gcc/arm-none-eabi/10.3.1/../../../arm-none-eabi/lib/thumb/v7e-m/nofp/libc.a(lib_a-reallocr.o)
 .comment       0x0000000000000033       0x34 /usr/lib/gcc/arm-none-eabi/10.3.1/../../../arm-none-eabi/lib/thumb/v7e-m/nofp/libc.a(lib_a-vfiprintf.o)
 .comment       0x0000000000000033       0x34 /usr/lib/gcc/arm-none-eabi/10.3.1/../../../arm-none-eabi/lib/thumb/v7e-m/nofp/libc.a(lib_a-wctomb_r.o)
 .comment       0x0000000000000033       0x34 /usr/lib/gcc/arm-none-eabi/10.3.1/../../../arm-none-eabi/lib/thumb/v7e-m/nofp/libc.a(lib_a-wsetup.o)
 .comment       0x0000000000000033       0x34 /usr/lib/gcc/arm-none-eabi/10.3.1/../../../arm-none-eabi/lib/thumb/v7e-m/nofp/libc.a(lib_a-abort.o)
 .comment       0x0000000000000033       0x34 /usr/lib/gcc/arm-none-eabi/10.3.1/../../../arm-none-eabi/lib/thumb/v7e-m/nofp/libc.a(lib_a-ctype_.o)
 .comment       0x0000000000000033       0x34 /usr/lib/gcc/arm-none-eabi/10.3.1/../../../arm-none-eabi/lib/thumb/v7e-m/nofp/libc.a(lib_a-fputwc.o)
 .comment       0x0000000000000033       0x34 /usr/lib/gcc/arm-none-eabi/10.3.1/../../../arm-none-eabi/lib/thumb/v7e-m/nofp/libc.a(lib_a-fvwrite.o)
 .comment       0x0000000000000033       0x34 /usr/lib/gcc/arm-none-eabi/10.3.1/../../../arm-none-eabi/lib/thumb/v7e-m/nofp/libc.a(lib_a-signal.o)
 .comment       0x0000000000000033       0x34 /usr/lib/gcc/arm-none-eabi/10.3.1/../../../arm-none-eabi/lib/thumb/v7e-m/nofp/libc.a(lib_a-signalr.o)
 .comment       0x0000000000000033       0x34 /usr/lib/gcc/arm-none-eabi/10.3.1/../../../arm-none-eabi/lib/thumb/v7e-m/nofp/libc.a(lib_a-wbuf.o)
 .comment       0x0000000000000033       0x34 /usr/lib/gcc/arm-none-eabi/10.3.1/../../../arm-none-eabi/lib/thumb/v7e-m/nofp/libc.a(lib_a-wcrtomb.o)
 .comment       0x0000000000000033       0x34 /usr/lib/gcc/arm-none-eabi/10.3.1/thumb/v7e-m/nofp/libgcc.a(_udivmoddi4.o)
 .comment       0x0000000000000033       0x34 /usr/lib/gcc/arm-none-eabi/10.3.1/thumb/v7e-m/nofp/crtend.o

.ARM.attributes
                0x0000000000000000       0x2a
 .ARM.attributes
                0x0000000000000000       0x1e /usr/lib/gcc/arm-none-eabi/10.3.1/thumb/v7e-m/nofp/crti.o
 .ARM.attributes
                0x000000000000001e       0x2e /usr/lib/gcc/arm-none-eabi/10.3.1/thumb/v7e-m/nofp/crtbegin.o
 .ARM.attributes
                0x000000000000004c       0x1c /usr/lib/gcc/arm-none-eabi/10.3.1/../../../arm-none-eabi/lib/thumb/v7e-m/nofp/crt0.o
 .ARM.attributes
                0x0000000000000068       0x2c build/objs-racer/racer.o
 .ARM.attributes
                0x0000000000000094       0x2c build/objs-racer/led.o
 .ARM.attributes
                0x00000000000000c0       0x2c build/objs-racer/pacer.o
 .ARM.attributes
                0x00000000000000ec       0x2c build/objs-racer/usb_serial.o
 .ARM.attributes
                0x0000000000000118       0x2c build/objs-racer/panic.o
 .ARM.attributes
                0x0000000000000144       0x2c build/objs-racer/nrf24.o
 .ARM.attributes
                0x0000000000000170       0x2c build/objs-racer/button.o
 .ARM.attributes
                0x000000000000019c       0x2c build/objs-racer/ledtape.o
 .ARM.attributes
                0x00000000000001c8       0x2c build/objs-racer/ledbuffer.o
 .ARM.attributes
                0x00000000000001f4       0x2c build/objs-racer/tty.o
 .ARM.attributes
                0x0000000000000220       0x2c build/objs-racer/linebuffer.o
 .ARM.attributes
                0x000000000000024c       0x2c build/objs-racer/usb_cdc.o
 .ARM.attributes
                0x0000000000000278       0x2c build/objs-racer/usb.o
 .ARM.attributes
                0x00000000000002a4       0x2c build/objs-racer/ring.o
 .ARM.attributes
                0x00000000000002d0       0x2c build/objs-racer/mcu_sleep.o
 .ARM.attributes
                0x00000000000002fc       0x2c build/objs-racer/crt0.o
 .ARM.attributes
                0x0000000000000328       0x2c build/objs-racer/mcu.o
 .ARM.attributes
                0x0000000000000354       0x2c build/objs-racer/syscalls.o
 .ARM.attributes
                0x0000000000000380       0x2c build/objs-racer/pit.o
 .ARM.attributes
                0x00000000000003ac       0x2c build/objs-racer/pwm.o
 .ARM.attributes
                0x00000000000003d8       0x2c build/objs-racer/adc.o
 .ARM.attributes
                0x0000000000000404       0x2c build/objs-racer/spi.o
 .ARM.attributes
                0x0000000000000430       0x2c build/objs-racer/udp.o
 .ARM.attributes
                0x000000000000045c       0x2c build/objs-racer/sysclock.o
 .ARM.attributes
                0x0000000000000488       0x2c build/objs-racer/systick.o
 .ARM.attributes
                0x00000000000004b4       0x2e /usr/lib/gcc/arm-none-eabi/10.3.1/../../../arm-none-eabi/lib/thumb/v7e-m/nofp/libc.a(lib_a-atexit.o)
 .ARM.attributes